Archive member included to satisfy reference by file (symbol)

c:/st/stm32cubeide_1.12.0/stm32cubeide/plugins/com.st.stm32cube.ide.mcu.externaltools.gnu-tools-for-stm32.10.3-2021.10.win32_1.0.200.202301161003/tools/bin/../lib/gcc/arm-none-eabi/10.3.1/../../../../arm-none-eabi/lib/thumb/v7e-m+fp/hard\libc_nano.a(lib_a-errno.o)
                              ./Core/Src/syscalls.o (__errno)
c:/st/stm32cubeide_1.12.0/stm32cubeide/plugins/com.st.stm32cube.ide.mcu.externaltools.gnu-tools-for-stm32.10.3-2021.10.win32_1.0.200.202301161003/tools/bin/../lib/gcc/arm-none-eabi/10.3.1/../../../../arm-none-eabi/lib/thumb/v7e-m+fp/hard\libc_nano.a(lib_a-exit.o)
                              c:/st/stm32cubeide_1.12.0/stm32cubeide/plugins/com.st.stm32cube.ide.mcu.externaltools.gnu-tools-for-stm32.10.3-2021.10.win32_1.0.200.202301161003/tools/bin/../lib/gcc/arm-none-eabi/10.3.1/../../../../arm-none-eabi/lib/thumb/v7e-m+fp/hard/crt0.o (exit)
c:/st/stm32cubeide_1.12.0/stm32cubeide/plugins/com.st.stm32cube.ide.mcu.externaltools.gnu-tools-for-stm32.10.3-2021.10.win32_1.0.200.202301161003/tools/bin/../lib/gcc/arm-none-eabi/10.3.1/../../../../arm-none-eabi/lib/thumb/v7e-m+fp/hard\libc_nano.a(lib_a-impure.o)
                              c:/st/stm32cubeide_1.12.0/stm32cubeide/plugins/com.st.stm32cube.ide.mcu.externaltools.gnu-tools-for-stm32.10.3-2021.10.win32_1.0.200.202301161003/tools/bin/../lib/gcc/arm-none-eabi/10.3.1/../../../../arm-none-eabi/lib/thumb/v7e-m+fp/hard\libc_nano.a(lib_a-exit.o) (_global_impure_ptr)
c:/st/stm32cubeide_1.12.0/stm32cubeide/plugins/com.st.stm32cube.ide.mcu.externaltools.gnu-tools-for-stm32.10.3-2021.10.win32_1.0.200.202301161003/tools/bin/../lib/gcc/arm-none-eabi/10.3.1/../../../../arm-none-eabi/lib/thumb/v7e-m+fp/hard\libc_nano.a(lib_a-init.o)
                              c:/st/stm32cubeide_1.12.0/stm32cubeide/plugins/com.st.stm32cube.ide.mcu.externaltools.gnu-tools-for-stm32.10.3-2021.10.win32_1.0.200.202301161003/tools/bin/../lib/gcc/arm-none-eabi/10.3.1/../../../../arm-none-eabi/lib/thumb/v7e-m+fp/hard/crt0.o (__libc_init_array)
c:/st/stm32cubeide_1.12.0/stm32cubeide/plugins/com.st.stm32cube.ide.mcu.externaltools.gnu-tools-for-stm32.10.3-2021.10.win32_1.0.200.202301161003/tools/bin/../lib/gcc/arm-none-eabi/10.3.1/../../../../arm-none-eabi/lib/thumb/v7e-m+fp/hard\libc_nano.a(lib_a-malloc.o)
                              ./Middlewares/ST/STM32_USB_Host_Library/Class/CDC/Src/usbh_cdc.o (malloc)
c:/st/stm32cubeide_1.12.0/stm32cubeide/plugins/com.st.stm32cube.ide.mcu.externaltools.gnu-tools-for-stm32.10.3-2021.10.win32_1.0.200.202301161003/tools/bin/../lib/gcc/arm-none-eabi/10.3.1/../../../../arm-none-eabi/lib/thumb/v7e-m+fp/hard\libc_nano.a(lib_a-memset.o)
                              c:/st/stm32cubeide_1.12.0/stm32cubeide/plugins/com.st.stm32cube.ide.mcu.externaltools.gnu-tools-for-stm32.10.3-2021.10.win32_1.0.200.202301161003/tools/bin/../lib/gcc/arm-none-eabi/10.3.1/../../../../arm-none-eabi/lib/thumb/v7e-m+fp/hard/crt0.o (memset)
c:/st/stm32cubeide_1.12.0/stm32cubeide/plugins/com.st.stm32cube.ide.mcu.externaltools.gnu-tools-for-stm32.10.3-2021.10.win32_1.0.200.202301161003/tools/bin/../lib/gcc/arm-none-eabi/10.3.1/../../../../arm-none-eabi/lib/thumb/v7e-m+fp/hard\libc_nano.a(lib_a-nano-freer.o)
                              c:/st/stm32cubeide_1.12.0/stm32cubeide/plugins/com.st.stm32cube.ide.mcu.externaltools.gnu-tools-for-stm32.10.3-2021.10.win32_1.0.200.202301161003/tools/bin/../lib/gcc/arm-none-eabi/10.3.1/../../../../arm-none-eabi/lib/thumb/v7e-m+fp/hard\libc_nano.a(lib_a-malloc.o) (_free_r)
c:/st/stm32cubeide_1.12.0/stm32cubeide/plugins/com.st.stm32cube.ide.mcu.externaltools.gnu-tools-for-stm32.10.3-2021.10.win32_1.0.200.202301161003/tools/bin/../lib/gcc/arm-none-eabi/10.3.1/../../../../arm-none-eabi/lib/thumb/v7e-m+fp/hard\libc_nano.a(lib_a-nano-mallocr.o)
                              c:/st/stm32cubeide_1.12.0/stm32cubeide/plugins/com.st.stm32cube.ide.mcu.externaltools.gnu-tools-for-stm32.10.3-2021.10.win32_1.0.200.202301161003/tools/bin/../lib/gcc/arm-none-eabi/10.3.1/../../../../arm-none-eabi/lib/thumb/v7e-m+fp/hard\libc_nano.a(lib_a-malloc.o) (_malloc_r)
c:/st/stm32cubeide_1.12.0/stm32cubeide/plugins/com.st.stm32cube.ide.mcu.externaltools.gnu-tools-for-stm32.10.3-2021.10.win32_1.0.200.202301161003/tools/bin/../lib/gcc/arm-none-eabi/10.3.1/../../../../arm-none-eabi/lib/thumb/v7e-m+fp/hard\libc_nano.a(lib_a-printf.o)
                              ./Core/Src/loopback.o (printf)
c:/st/stm32cubeide_1.12.0/stm32cubeide/plugins/com.st.stm32cube.ide.mcu.externaltools.gnu-tools-for-stm32.10.3-2021.10.win32_1.0.200.202301161003/tools/bin/../lib/gcc/arm-none-eabi/10.3.1/../../../../arm-none-eabi/lib/thumb/v7e-m+fp/hard\libc_nano.a(lib_a-puts.o)
                              ./Core/Src/main.o (puts)
[...]
Memory Configuration

Name             Origin             Length             Attributes
CCMRAM           0x0000000010000000 0x0000000000010000 xrw
RAM              0x0000000020000000 0x0000000000020000 xrw
FLASH            0x0000000008000000 0x0000000000100000 xr
*default*        0x0000000000000000 0xffffffffffffffff

Linker script and memory map

LOAD c:/st/stm32cubeide_1.12.0/stm32cubeide/plugins/com.st.stm32cube.ide.mcu.externaltools.gnu-tools-for-stm32.10.3-2021.10.win32_1.0.200.202301161003/tools/bin/../lib/gcc/arm-none-eabi/10.3.1/thumb/v7e-m+fp/hard/crti.o
LOAD c:/st/stm32cubeide_1.12.0/stm32cubeide/plugins/com.st.stm32cube.ide.mcu.externaltools.gnu-tools-for-stm32.10.3-2021.10.win32_1.0.200.202301161003/tools/bin/../lib/gcc/arm-none-eabi/10.3.1/thumb/v7e-m+fp/hard/crtbegin.o
LOAD c:/st/stm32cubeide_1.12.0/stm32cubeide/plugins/com.st.stm32cube.ide.mcu.externaltools.gnu-tools-for-stm32.10.3-2021.10.win32_1.0.200.202301161003/tools/bin/../lib/gcc/arm-none-eabi/10.3.1/../../../../arm-none-eabi/lib/thumb/v7e-m+fp/hard/crt0.o
LOAD ./Core/Src/W5500/w5500.o
LOAD ./Core/Src/loopback.o
LOAD ./Core/Src/main.o
LOAD ./Core/Src/socket.o
LOAD ./Core/Src/stm32f4xx_hal_msp.o
LOAD ./Core/Src/stm32f4xx_it.o
LOAD ./Core/Src/syscalls.o
LOAD ./Core/Src/sysmem.o
LOAD ./Core/Src/system_stm32f4xx.o
LOAD ./Core/Src/wizchip_conf.o
LOAD ./Core/Startup/startup_stm32f407vgtx.o
LOAD ./Drivers/STM32F4xx_HAL_Driver/Src/stm32f4xx_hal.o
LOAD ./Drivers/STM32F4xx_HAL_Driver/Src/stm32f4xx_hal_cortex.o
LOAD ./Drivers/STM32F4xx_HAL_Driver/Src/stm32f4xx_hal_dma.o
LOAD ./Drivers/STM32F4xx_HAL_Driver/Src/stm32f4xx_hal_dma_ex.o
LOAD ./Drivers/STM32F4xx_HAL_Driver/Src/stm32f4xx_hal_exti.o
LOAD ./Drivers/STM32F4xx_HAL_Driver/Src/stm32f4xx_hal_flash.o
LOAD ./Drivers/STM32F4xx_HAL_Driver/Src/stm32f4xx_hal_flash_ex.o
LOAD ./Drivers/STM32F4xx_HAL_Driver/Src/stm32f4xx_hal_flash_ramfunc.o
LOAD ./Drivers/STM32F4xx_HAL_Driver/Src/stm32f4xx_hal_gpio.o
LOAD ./Drivers/STM32F4xx_HAL_Driver/Src/stm32f4xx_hal_hcd.o
LOAD ./Drivers/STM32F4xx_HAL_Driver/Src/stm32f4xx_hal_i2c.o
LOAD ./Drivers/STM32F4xx_HAL_Driver/Src/stm32f4xx_hal_i2c_ex.o
LOAD ./Drivers/STM32F4xx_HAL_Driver/Src/stm32f4xx_hal_i2s.o
LOAD ./Drivers/STM32F4xx_HAL_Driver/Src/stm32f4xx_hal_i2s_ex.o
LOAD ./Drivers/STM32F4xx_HAL_Driver/Src/stm32f4xx_hal_pwr.o
LOAD ./Drivers/STM32F4xx_HAL_Driver/Src/stm32f4xx_hal_pwr_ex.o
LOAD ./Drivers/STM32F4xx_HAL_Driver/Src/stm32f4xx_hal_rcc.o
LOAD ./Drivers/STM32F4xx_HAL_Driver/Src/stm32f4xx_hal_rcc_ex.o
LOAD ./Drivers/STM32F4xx_HAL_Driver/Src/stm32f4xx_hal_spi.o
LOAD ./Drivers/STM32F4xx_HAL_Driver/Src/stm32f4xx_hal_tim.o
LOAD ./Drivers/STM32F4xx_HAL_Driver/Src/stm32f4xx_hal_tim_ex.o
LOAD ./Drivers/STM32F4xx_HAL_Driver/Src/stm32f4xx_ll_usb.o
LOAD ./Middlewares/ST/STM32_USB_Host_Library/Class/CDC/Src/usbh_cdc.o
LOAD ./Middlewares/ST/STM32_USB_Host_Library/Core/Src/usbh_core.o
LOAD ./Middlewares/ST/STM32_USB_Host_Library/Core/Src/usbh_ctlreq.o
LOAD ./Middlewares/ST/STM32_USB_Host_Library/Core/Src/usbh_ioreq.o
LOAD ./Middlewares/ST/STM32_USB_Host_Library/Core/Src/usbh_pipes.o
LOAD ./USB_HOST/App/usb_host.o
LOAD ./USB_HOST/Target/usbh_conf.o
LOAD ./USB_HOST/Target/usbh_platform.o
START GROUP
LOAD c:/st/stm32cubeide_1.12.0/stm32cubeide/plugins/com.st.stm32cube.ide.mcu.externaltools.gnu-tools-for-stm32.10.3-2021.10.win32_1.0.200.202301161003/tools/bin/../lib/gcc/arm-none-eabi/10.3.1/../../../../arm-none-eabi/lib/thumb/v7e-m+fp/hard\libstdc++_nano.a
LOAD c:/st/stm32cubeide_1.12.0/stm32cubeide/plugins/com.st.stm32cube.ide.mcu.externaltools.gnu-tools-for-stm32.10.3-2021.10.win32_1.0.200.202301161003/tools/bin/../lib/gcc/arm-none-eabi/10.3.1/../../../../arm-none-eabi/lib/thumb/v7e-m+fp/hard\libsupc++_nano.a
END GROUP
LOAD c:/st/stm32cubeide_1.12.0/stm32cubeide/plugins/com.st.stm32cube.ide.mcu.externaltools.gnu-tools-for-stm32.10.3-2021.10.win32_1.0.200.202301161003/tools/bin/../lib/gcc/arm-none-eabi/10.3.1/../../../../arm-none-eabi/lib/thumb/v7e-m+fp/hard\libstdc++_nano.a
LOAD c:/st/stm32cubeide_1.12.0/stm32cubeide/plugins/com.st.stm32cube.ide.mcu.externaltools.gnu-tools-for-stm32.10.3-2021.10.win32_1.0.200.202301161003/tools/bin/../lib/gcc/arm-none-eabi/10.3.1/../../../../arm-none-eabi/lib/thumb/v7e-m+fp/hard\libm.a
LOAD c:/st/stm32cubeide_1.12.0/stm32cubeide/plugins/com.st.stm32cube.ide.mcu.externaltools.gnu-tools-for-stm32.10.3-2021.10.win32_1.0.200.202301161003/tools/bin/../lib/gcc/arm-none-eabi/10.3.1/../../../../arm-none-eabi/lib/thumb/v7e-m+fp/hard\libc_nano.a
START GROUP
LOAD c:/st/stm32cubeide_1.12.0/stm32cubeide/plugins/com.st.stm32cube.ide.mcu.externaltools.gnu-tools-for-stm32.10.3-2021.10.win32_1.0.200.202301161003/tools/bin/../lib/gcc/arm-none-eabi/10.3.1/thumb/v7e-m+fp/hard\libgcc.a
LOAD c:/st/stm32cubeide_1.12.0/stm32cubeide/plugins/com.st.stm32cube.ide.mcu.externaltools.gnu-tools-for-stm32.10.3-2021.10.win32_1.0.200.202301161003/tools/bin/../lib/gcc/arm-none-eabi/10.3.1/../../../../arm-none-eabi/lib/thumb/v7e-m+fp/hard\libc_nano.a
END GROUP
START GROUP
LOAD c:/st/stm32cubeide_1.12.0/stm32cubeide/plugins/com.st.stm32cube.ide.mcu.externaltools.gnu-tools-for-stm32.10.3-2021.10.win32_1.0.200.202301161003/tools/bin/../lib/gcc/arm-none-eabi/10.3.1/thumb/v7e-m+fp/hard\libgcc.a
LOAD c:/st/stm32cubeide_1.12.0/stm32cubeide/plugins/com.st.stm32cube.ide.mcu.externaltools.gnu-tools-for-stm32.10.3-2021.10.win32_1.0.200.202301161003/tools/bin/../lib/gcc/arm-none-eabi/10.3.1/../../../../arm-none-eabi/lib/thumb/v7e-m+fp/hard\libc_nano.a
LOAD c:/st/stm32cubeide_1.12.0/stm32cubeide/plugins/com.st.stm32cube.ide.mcu.externaltools.gnu-tools-for-stm32.10.3-2021.10.win32_1.0.200.202301161003/tools/bin/../lib/gcc/arm-none-eabi/10.3.1/../../../../arm-none-eabi/lib/thumb/v7e-m+fp/hard\libnosys.a
END GROUP
START GROUP
LOAD c:/st/stm32cubeide_1.12.0/stm32cubeide/plugins/com.st.stm32cube.ide.mcu.externaltools.gnu-tools-for-stm32.10.3-2021.10.win32_1.0.200.202301161003/tools/bin/../lib/gcc/arm-none-eabi/10.3.1/thumb/v7e-m+fp/hard\libgcc.a
LOAD c:/st/stm32cubeide_1.12.0/stm32cubeide/plugins/com.st.stm32cube.ide.mcu.externaltools.gnu-tools-for-stm32.10.3-2021.10.win32_1.0.200.202301161003/tools/bin/../lib/gcc/arm-none-eabi/10.3.1/../../../../arm-none-eabi/lib/thumb/v7e-m+fp/hard\libc_nano.a
LOAD c:/st/stm32cubeide_1.12.0/stm32cubeide/plugins/com.st.stm32cube.ide.mcu.externaltools.gnu-tools-for-stm32.10.3-2021.10.win32_1.0.200.202301161003/tools/bin/../lib/gcc/arm-none-eabi/10.3.1/../../../../arm-none-eabi/lib/thumb/v7e-m+fp/hard\libnosys.a
END GROUP
LOAD c:/st/stm32cubeide_1.12.0/stm32cubeide/plugins/com.st.stm32cube.ide.mcu.externaltools.gnu-tools-for-stm32.10.3-2021.10.win32_1.0.200.202301161003/tools/bin/../lib/gcc/arm-none-eabi/10.3.1/thumb/v7e-m+fp/hard/crtend.o
LOAD c:/st/stm32cubeide_1.12.0/stm32cubeide/plugins/com.st.stm32cube.ide.mcu.externaltools.gnu-tools-for-stm32.10.3-2021.10.win32_1.0.200.202301161003/tools/bin/../lib/gcc/arm-none-eabi/10.3.1/thumb/v7e-m+fp/hard/crtn.o
                0x0000000020020000                _estack = (ORIGIN (RAM) + LENGTH (RAM))
                0x0000000000000200                _Min_Heap_Size = 0x200
                0x0000000000000400                _Min_Stack_Size = 0x400

.isr_vector     0x0000000008000000      0x188
                0x0000000008000000                . = ALIGN (0x4)
 *(.isr_vector)
 .isr_vector    0x0000000008000000      0x188 ./Core/Startup/startup_stm32f407vgtx.o
                0x0000000008000000                g_pfnVectors
                0x0000000008000188                . = ALIGN (0x4)

.text           0x0000000008000190     0xb93c
                0x0000000008000190                . = ALIGN (0x4)
 *(.text)
 .text          0x0000000008000190       0x40 c:/st/stm32cubeide_1.12.0/stm32cubeide/plugins/com.st.stm32cube.ide.mcu.externaltools.gnu-tools-for-stm32.10.3-2021.10.win32_1.0.200.202301161003/tools/bin/../lib/gcc/arm-none-eabi/10.3.1/thumb/v7e-m+fp/hard/crtbegin.o
 .text          0x00000000080001d0       0xa0 c:/st/stm32cubeide_1.12.0/stm32cubeide/plugins/com.st.stm32cube.ide.mcu.externaltools.gnu-tools-for-stm32.10.3-2021.10.win32_1.0.200.202301161003/tools/bin/../lib/gcc/arm-none-eabi/10.3.1/../../../../arm-none-eabi/lib/thumb/v7e-m+fp/hard\libc_nano.a(lib_a-memchr.o)
                0x00000000080001d0                memchr
 .text          0x0000000008000270       0x30 c:/st/stm32cubeide_1.12.0/stm32cubeide/plugins/com.st.stm32cube.ide.mcu.externaltools.gnu-tools-for-stm32.10.3-2021.10.win32_1.0.200.202301161003/tools/bin/../lib/gcc/arm-none-eabi/10.3.1/thumb/v7e-m+fp/hard\libgcc.a(_aeabi_uldivmod.o)
                0x0000000008000270                __aeabi_uldivmod
 .text          0x00000000080002a0      0x2d0 c:/st/stm32cubeide_1.12.0/stm32cubeide/plugins/com.st.stm32cube.ide.mcu.externaltools.gnu-tools-for-stm32.10.3-2021.10.win32_1.0.200.202301161003/tools/bin/../lib/gcc/arm-none-eabi/10.3.1/thumb/v7e-m+fp/hard\libgcc.a(_udivmoddi4.o)
                0x00000000080002a0                __udivmoddi4
 .text          0x0000000008000570        0x4 c:/st/stm32cubeide_1.12.0/stm32cubeide/plugins/com.st.stm32cube.ide.mcu.externaltools.gnu-tools-for-stm32.10.3-2021.10.win32_1.0.200.202301161003/tools/bin/../lib/gcc/arm-none-eabi/10.3.1/thumb/v7e-m+fp/hard\libgcc.a(_dvmd_tls.o)
                0x0000000008000570                __aeabi_idiv0
                0x0000000008000570                __aeabi_ldiv0
 *(.text*)
 .text.WIZCHIP_READ
                0x0000000008000574       0x98 ./Core/Src/W5500/w5500.o
                0x0000000008000574                WIZCHIP_READ
 .text.WIZCHIP_WRITE
                0x000000000800060c       0x9c ./Core/Src/W5500/w5500.o
                0x000000000800060c                WIZCHIP_WRITE
 .text.WIZCHIP_READ_BUF
                0x00000000080006a8       0xc0 ./Core/Src/W5500/w5500.o
                0x00000000080006a8                WIZCHIP_READ_BUF
 .text.WIZCHIP_WRITE_BUF
                0x0000000008000768       0xc0 ./Core/Src/W5500/w5500.o
                0x0000000008000768                WIZCHIP_WRITE_BUF
 .text.getSn_TX_FSR
                0x0000000008000828       0x96 ./Core/Src/W5500/w5500.o
                0x0000000008000828                getSn_TX_FSR
 .text.getSn_RX_RSR
                0x00000000080008be       0x96 ./Core/Src/W5500/w5500.o
                0x00000000080008be                getSn_RX_RSR
 .text.wiz_send_data
                0x0000000008000954       0xb8 ./Core/Src/W5500/w5500.o
                0x0000000008000954                wiz_send_data
 .text.wiz_recv_data
                0x0000000008000a0c       0xb8 ./Core/Src/W5500/w5500.o
                0x0000000008000a0c                wiz_recv_data
 .text.wiz_recv_ignore
                0x0000000008000ac4       0x90 ./Core/Src/W5500/w5500.o
                0x0000000008000ac4                wiz_recv_ignore
 .text.loopback_tcps
                0x0000000008000b54      0x254 ./Core/Src/loopback.o
                0x0000000008000b54                loopback_tcps
 .text.loopback_udps
                0x0000000008000da8      0x114 ./Core/Src/loopback.o
                0x0000000008000da8                loopback_udps
 .text.network_init
                0x0000000008000ebc      0x10c ./Core/Src/main.o
                0x0000000008000ebc                network_init
 .text.wizchip_select
                0x0000000008000fc8       0x18 ./Core/Src/main.o
                0x0000000008000fc8                wizchip_select
 .text.wizchip_deselect
                0x0000000008000fe0       0x18 ./Core/Src/main.o
                0x0000000008000fe0                wizchip_deselect
 .text.wizchip_write
                0x0000000008000ff8       0x24 ./Core/Src/main.o
                0x0000000008000ff8                wizchip_write
 .text.wizchip_read
                0x000000000800101c       0x24 ./Core/Src/main.o
                0x000000000800101c                wizchip_read
 .text.main     0x0000000008001040       0xe4 ./Core/Src/main.o
                0x0000000008001040                main
 .text.SystemClock_Config
                0x0000000008001124       0xd4 ./Core/Src/main.o
                0x0000000008001124                SystemClock_Config
 .text.MX_I2C1_Init
                0x00000000080011f8       0x5c ./Core/Src/main.o
 .text.MX_I2S3_Init
                0x0000000008001254       0x60 ./Core/Src/main.o
 .text.MX_SPI1_Init
                0x00000000080012b4       0x6c ./Core/Src/main.o
 .text.MX_GPIO_Init
                0x0000000008001320      0x220 ./Core/Src/main.o
 .text.Error_Handler
                0x0000000008001540        0xa ./Core/Src/main.o
                0x0000000008001540                Error_Handler
 *fill*         0x000000000800154a        0x2 
 .text.socket   0x000000000800154c      0x22c ./Core/Src/socket.o
                0x000000000800154c                socket
 .text.close    0x0000000008001778       0xdc ./Core/Src/socket.o
                0x0000000008001778                close
 .text.listen   0x0000000008001854       0xb2 ./Core/Src/socket.o
                0x0000000008001854                listen
 *fill*         0x0000000008001906        0x2 
 .text.disconnect
                0x0000000008001908       0xec ./Core/Src/socket.o
                0x0000000008001908                disconnect
 .text.send     0x00000000080019f4      0x1f4 ./Core/Src/socket.o
                0x00000000080019f4                send
 .text.recv     0x0000000008001be8      0x16c ./Core/Src/socket.o
                0x0000000008001be8                recv
 .text.sendto   0x0000000008001d54      0x26c ./Core/Src/socket.o
                0x0000000008001d54                sendto
 .text.recvfrom
                0x0000000008001fc0      0x3dc ./Core/Src/socket.o
                0x0000000008001fc0                recvfrom
 .text.HAL_MspInit
                0x000000000800239c       0x50 ./Core/Src/stm32f4xx_hal_msp.o
                0x000000000800239c                HAL_MspInit
 .text.HAL_I2C_MspInit
                0x00000000080023ec       0x90 ./Core/Src/stm32f4xx_hal_msp.o
                0x00000000080023ec                HAL_I2C_MspInit
 .text.HAL_I2S_MspInit
                0x000000000800247c      0x100 ./Core/Src/stm32f4xx_hal_msp.o
                0x000000000800247c                HAL_I2S_MspInit
 .text.HAL_SPI_MspInit
                0x000000000800257c       0x90 ./Core/Src/stm32f4xx_hal_msp.o
                0x000000000800257c                HAL_SPI_MspInit
 .text.NMI_Handler
                0x000000000800260c        0x6 ./Core/Src/stm32f4xx_it.o
                0x000000000800260c                NMI_Handler
 .text.HardFault_Handler
                0x0000000008002612        0x6 ./Core/Src/stm32f4xx_it.o
                0x0000000008002612                HardFault_Handler
 .text.MemManage_Handler
                0x0000000008002618        0x6 ./Core/Src/stm32f4xx_it.o
                0x0000000008002618                MemManage_Handler
 .text.BusFault_Handler
                0x000000000800261e        0x6 ./Core/Src/stm32f4xx_it.o
                0x000000000800261e                BusFault_Handler
 .text.UsageFault_Handler
                0x0000000008002624        0x6 ./Core/Src/stm32f4xx_it.o
                0x0000000008002624                UsageFault_Handler
 .text.SVC_Handler
                0x000000000800262a        0xe ./Core/Src/stm32f4xx_it.o
                0x000000000800262a                SVC_Handler
 .text.DebugMon_Handler
                0x0000000008002638        0xe ./Core/Src/stm32f4xx_it.o
                0x0000000008002638                DebugMon_Handler
 .text.PendSV_Handler
                0x0000000008002646        0xe ./Core/Src/stm32f4xx_it.o
                0x0000000008002646                PendSV_Handler
 .text.SysTick_Handler
                0x0000000008002654        0xc ./Core/Src/stm32f4xx_it.o
                0x0000000008002654                SysTick_Handler
 .text.OTG_FS_IRQHandler
                0x0000000008002660       0x14 ./Core/Src/stm32f4xx_it.o
                0x0000000008002660                OTG_FS_IRQHandler
 .text._read    0x0000000008002674       0x3a ./Core/Src/syscalls.o
                0x0000000008002674                _read
 .text._write   0x00000000080026ae       0x38 ./Core/Src/syscalls.o
                0x00000000080026ae                _write
 .text._close   0x00000000080026e6       0x18 ./Core/Src/syscalls.o
                0x00000000080026e6                _close
 .text._fstat   0x00000000080026fe       0x20 ./Core/Src/syscalls.o
                0x00000000080026fe                _fstat
 .text._isatty  0x000000000800271e       0x16 ./Core/Src/syscalls.o
                0x000000000800271e                _isatty
 .text._lseek   0x0000000008002734       0x1a ./Core/Src/syscalls.o
                0x0000000008002734                _lseek
 *fill*         0x000000000800274e        0x2 
 .text._sbrk    0x0000000008002750       0x6c ./Core/Src/sysmem.o
                0x0000000008002750                _sbrk
 .text.SystemInit
                0x00000000080027bc       0x24 ./Core/Src/system_stm32f4xx.o
                0x00000000080027bc                SystemInit
 .text.wizchip_cris_enter
                0x00000000080027e0        0xe ./Core/Src/wizchip_conf.o
                0x00000000080027e0                wizchip_cris_enter
 .text.wizchip_cris_exit
                0x00000000080027ee        0xe ./Core/Src/wizchip_conf.o
                0x00000000080027ee                wizchip_cris_exit
 .text.wizchip_cs_select
                0x00000000080027fc        0xe ./Core/Src/wizchip_conf.o
                0x00000000080027fc                wizchip_cs_select
 .text.wizchip_cs_deselect
                0x000000000800280a        0xe ./Core/Src/wizchip_conf.o
                0x000000000800280a                wizchip_cs_deselect
 .text.wizchip_bus_readdata
                0x0000000008002818       0x1a ./Core/Src/wizchip_conf.o
                0x0000000008002818                wizchip_bus_readdata
 .text.wizchip_bus_writedata
                0x0000000008002832       0x1e ./Core/Src/wizchip_conf.o
                0x0000000008002832                wizchip_bus_writedata
 .text.wizchip_spi_readbyte
                0x0000000008002850       0x10 ./Core/Src/wizchip_conf.o
                0x0000000008002850                wizchip_spi_readbyte
 .text.wizchip_spi_writebyte
                0x0000000008002860       0x16 ./Core/Src/wizchip_conf.o
                0x0000000008002860                wizchip_spi_writebyte
 *fill*         0x0000000008002876        0x2 
 .text.reg_wizchip_cs_cbfunc
                0x0000000008002878       0x4c ./Core/Src/wizchip_conf.o
                0x0000000008002878                reg_wizchip_cs_cbfunc
 .text.reg_wizchip_spi_cbfunc
                0x00000000080028c4       0x58 ./Core/Src/wizchip_conf.o
                0x00000000080028c4                reg_wizchip_spi_cbfunc
 .text.ctlwizchip
                0x000000000800291c      0x1c4 ./Core/Src/wizchip_conf.o
                0x000000000800291c                ctlwizchip
 .text.ctlnetwork
                0x0000000008002ae0       0x7c ./Core/Src/wizchip_conf.o
                0x0000000008002ae0                ctlnetwork
 .text.wizchip_sw_reset
                0x0000000008002b5c       0x98 ./Core/Src/wizchip_conf.o
                0x0000000008002b5c                wizchip_sw_reset
 .text.wizchip_init
                0x0000000008002bf4      0x118 ./Core/Src/wizchip_conf.o
                0x0000000008002bf4                wizchip_init
 .text.wizchip_clrinterrupt
                0x0000000008002d0c       0x68 ./Core/Src/wizchip_conf.o
                0x0000000008002d0c                wizchip_clrinterrupt
 .text.wizchip_getinterrupt
                0x0000000008002d74       0x4a ./Core/Src/wizchip_conf.o
                0x0000000008002d74                wizchip_getinterrupt
 .text.wizchip_setinterruptmask
                0x0000000008002dbe       0x36 ./Core/Src/wizchip_conf.o
                0x0000000008002dbe                wizchip_setinterruptmask
 .text.wizchip_getinterruptmask
                0x0000000008002df4       0x46 ./Core/Src/wizchip_conf.o
                0x0000000008002df4                wizchip_getinterruptmask
 .text.wizphy_getphylink
                0x0000000008002e3a       0x2c ./Core/Src/wizchip_conf.o
                0x0000000008002e3a                wizphy_getphylink
 .text.wizphy_getphypmode
                0x0000000008002e66       0x32 ./Core/Src/wizchip_conf.o
                0x0000000008002e66                wizphy_getphypmode
 .text.wizphy_reset
                0x0000000008002e98       0x4e ./Core/Src/wizchip_conf.o
                0x0000000008002e98                wizphy_reset
 .text.wizphy_setphyconf
                0x0000000008002ee6       0x84 ./Core/Src/wizchip_conf.o
                0x0000000008002ee6                wizphy_setphyconf
 .text.wizphy_getphyconf
                0x0000000008002f6a       0xd2 ./Core/Src/wizchip_conf.o
                0x0000000008002f6a                wizphy_getphyconf
 .text.wizphy_setphypmode
                0x000000000800303c       0x94 ./Core/Src/wizchip_conf.o
                0x000000000800303c                wizphy_setphypmode
 .text.wizchip_setnetinfo
                0x00000000080030d0       0x80 ./Core/Src/wizchip_conf.o
                0x00000000080030d0                wizchip_setnetinfo
 .text.wizchip_getnetinfo
                0x0000000008003150       0x80 ./Core/Src/wizchip_conf.o
                0x0000000008003150                wizchip_getnetinfo
 .text.wizchip_setnetmode
                0x00000000080031d0       0x44 ./Core/Src/wizchip_conf.o
                0x00000000080031d0                wizchip_setnetmode
 .text.wizchip_getnetmode
                0x0000000008003214       0x10 ./Core/Src/wizchip_conf.o
                0x0000000008003214                wizchip_getnetmode
 .text.wizchip_settimeout
                0x0000000008003224       0x42 ./Core/Src/wizchip_conf.o
                0x0000000008003224                wizchip_settimeout
 .text.wizchip_gettimeout
                0x0000000008003266       0x44 ./Core/Src/wizchip_conf.o
                0x0000000008003266                wizchip_gettimeout
 *fill*         0x00000000080032aa        0x2 
 .text.Reset_Handler
                0x00000000080032ac       0x50 ./Core/Startup/startup_stm32f407vgtx.o
                0x00000000080032ac                Reset_Handler
 .text.Default_Handler
                0x00000000080032fc        0x2 ./Core/Startup/startup_stm32f407vgtx.o
                0x00000000080032fc                RTC_Alarm_IRQHandler
                0x00000000080032fc                HASH_RNG_IRQHandler
                0x00000000080032fc                EXTI2_IRQHandler
                0x00000000080032fc                TIM8_CC_IRQHandler
                0x00000000080032fc                TIM1_CC_IRQHandler
                0x00000000080032fc                DMA2_Stream5_IRQHandler
                0x00000000080032fc                DMA1_Stream5_IRQHandler
                0x00000000080032fc                PVD_IRQHandler
                0x00000000080032fc                SDIO_IRQHandler
                0x00000000080032fc                TAMP_STAMP_IRQHandler
                0x00000000080032fc                CAN2_RX1_IRQHandler
                0x00000000080032fc                EXTI3_IRQHandler
                0x00000000080032fc                TIM8_TRG_COM_TIM14_IRQHandler
                0x00000000080032fc                TIM1_UP_TIM10_IRQHandler
                0x00000000080032fc                TIM8_UP_TIM13_IRQHandler
                0x00000000080032fc                I2C3_ER_IRQHandler
                0x00000000080032fc                EXTI0_IRQHandler
                0x00000000080032fc                I2C2_EV_IRQHandler
                0x00000000080032fc                DMA1_Stream2_IRQHandler
                0x00000000080032fc                CAN1_RX0_IRQHandler
                0x00000000080032fc                FPU_IRQHandler
                0x00000000080032fc                OTG_HS_WKUP_IRQHandler
                0x00000000080032fc                CAN2_SCE_IRQHandler
                0x00000000080032fc                DMA2_Stream2_IRQHandler
                0x00000000080032fc                SPI1_IRQHandler
                0x00000000080032fc                TIM6_DAC_IRQHandler
                0x00000000080032fc                TIM1_BRK_TIM9_IRQHandler
                0x00000000080032fc                DCMI_IRQHandler
                0x00000000080032fc                CAN2_RX0_IRQHandler
                0x00000000080032fc                DMA2_Stream3_IRQHandler
                0x00000000080032fc                USART6_IRQHandler
                0x00000000080032fc                USART3_IRQHandler
                0x00000000080032fc                CAN1_RX1_IRQHandler
                0x00000000080032fc                UART5_IRQHandler
                0x00000000080032fc                DMA2_Stream0_IRQHandler
                0x00000000080032fc                TIM4_IRQHandler
                0x00000000080032fc                I2C1_EV_IRQHandler
                0x00000000080032fc                DMA1_Stream6_IRQHandler
                0x00000000080032fc                DMA1_Stream1_IRQHandler
                0x00000000080032fc                UART4_IRQHandler
                0x00000000080032fc                TIM3_IRQHandler
                0x00000000080032fc                RCC_IRQHandler
                0x00000000080032fc                TIM8_BRK_TIM12_IRQHandler
                0x00000000080032fc                Default_Handler
                0x00000000080032fc                EXTI15_10_IRQHandler
                0x00000000080032fc                ADC_IRQHandler
                0x00000000080032fc                DMA1_Stream7_IRQHandler
                0x00000000080032fc                TIM7_IRQHandler
                0x00000000080032fc                CAN2_TX_IRQHandler
                0x00000000080032fc                TIM5_IRQHandler
                0x00000000080032fc                DMA2_Stream7_IRQHandler
                0x00000000080032fc                I2C3_EV_IRQHandler
                0x00000000080032fc                EXTI9_5_IRQHandler
                0x00000000080032fc                RTC_WKUP_IRQHandler
                0x00000000080032fc                ETH_WKUP_IRQHandler
                0x00000000080032fc                SPI2_IRQHandler
                0x00000000080032fc                OTG_HS_EP1_IN_IRQHandler
                0x00000000080032fc                DMA1_Stream0_IRQHandler
                0x00000000080032fc                CAN1_TX_IRQHandler
                0x00000000080032fc                EXTI4_IRQHandler
                0x00000000080032fc                FSMC_IRQHandler
                0x00000000080032fc                ETH_IRQHandler
                0x00000000080032fc                OTG_HS_EP1_OUT_IRQHandler
                0x00000000080032fc                WWDG_IRQHandler
                0x00000000080032fc                TIM2_IRQHandler
                0x00000000080032fc                OTG_FS_WKUP_IRQHandler
                0x00000000080032fc                TIM1_TRG_COM_TIM11_IRQHandler
                0x00000000080032fc                OTG_HS_IRQHandler
                0x00000000080032fc                EXTI1_IRQHandler
                0x00000000080032fc                USART2_IRQHandler
                0x00000000080032fc                I2C2_ER_IRQHandler
                0x00000000080032fc                DMA2_Stream1_IRQHandler
                0x00000000080032fc                CAN1_SCE_IRQHandler
                0x00000000080032fc                FLASH_IRQHandler
                0x00000000080032fc                DMA2_Stream4_IRQHandler
                0x00000000080032fc                USART1_IRQHandler
                0x00000000080032fc                SPI3_IRQHandler
                0x00000000080032fc                DMA1_Stream4_IRQHandler
                0x00000000080032fc                I2C1_ER_IRQHandler
                0x00000000080032fc                DMA2_Stream6_IRQHandler
                0x00000000080032fc                DMA1_Stream3_IRQHandler
 *fill*         0x00000000080032fe        0x2 
 .text.HAL_Init
                0x0000000008003300       0x44 ./Drivers/STM32F4xx_HAL_Driver/Src/stm32f4xx_hal.o
                0x0000000008003300                HAL_Init
 .text.HAL_InitTick
                0x0000000008003344       0x60 ./Drivers/STM32F4xx_HAL_Driver/Src/stm32f4xx_hal.o
                0x0000000008003344                HAL_InitTick
 .text.HAL_IncTick
                0x00000000080033a4       0x28 ./Drivers/STM32F4xx_HAL_Driver/Src/stm32f4xx_hal.o
                0x00000000080033a4                HAL_IncTick
 .text.HAL_GetTick
                0x00000000080033cc       0x18 ./Drivers/STM32F4xx_HAL_Driver/Src/stm32f4xx_hal.o
                0x00000000080033cc                HAL_GetTick
 .text.HAL_Delay
                0x00000000080033e4       0x48 ./Drivers/STM32F4xx_HAL_Driver/Src/stm32f4xx_hal.o
                0x00000000080033e4                HAL_Delay
 .text.__NVIC_SetPriorityGrouping
                0x000000000800342c       0x48 ./Drivers/STM32F4xx_HAL_Driver/Src/stm32f4xx_hal_cortex.o
 .text.__NVIC_GetPriorityGrouping
                0x0000000008003474       0x1c ./Drivers/STM32F4xx_HAL_Driver/Src/stm32f4xx_hal_cortex.o
 .text.__NVIC_EnableIRQ
                0x0000000008003490       0x3c ./Drivers/STM32F4xx_HAL_Driver/Src/stm32f4xx_hal_cortex.o
 .text.__NVIC_SetPriority
                0x00000000080034cc       0x54 ./Drivers/STM32F4xx_HAL_Driver/Src/stm32f4xx_hal_cortex.o
 .text.NVIC_EncodePriority
                0x0000000008003520       0x66 ./Drivers/STM32F4xx_HAL_Driver/Src/stm32f4xx_hal_cortex.o
 *fill*         0x0000000008003586        0x2 
 .text.SysTick_Config
                0x0000000008003588       0x44 ./Drivers/STM32F4xx_HAL_Driver/Src/stm32f4xx_hal_cortex.o
 .text.HAL_NVIC_SetPriorityGrouping
                0x00000000080035cc       0x16 ./Drivers/STM32F4xx_HAL_Driver/Src/stm32f4xx_hal_cortex.o
                0x00000000080035cc                HAL_NVIC_SetPriorityGrouping
 .text.HAL_NVIC_SetPriority
                0x00000000080035e2       0x38 ./Drivers/STM32F4xx_HAL_Driver/Src/stm32f4xx_hal_cortex.o
                0x00000000080035e2                HAL_NVIC_SetPriority
 .text.HAL_NVIC_EnableIRQ
                0x000000000800361a       0x1c ./Drivers/STM32F4xx_HAL_Driver/Src/stm32f4xx_hal_cortex.o
                0x000000000800361a                HAL_NVIC_EnableIRQ
 .text.HAL_SYSTICK_Config
                0x0000000008003636       0x18 ./Drivers/STM32F4xx_HAL_Driver/Src/stm32f4xx_hal_cortex.o
                0x0000000008003636                HAL_SYSTICK_Config
 *fill*         0x000000000800364e        0x2 
 .text.HAL_GPIO_Init
                0x0000000008003650      0x338 ./Drivers/STM32F4xx_HAL_Driver/Src/stm32f4xx_hal_gpio.o
                0x0000000008003650                HAL_GPIO_Init
 .text.HAL_GPIO_WritePin
                0x0000000008003988       0x32 ./Drivers/STM32F4xx_HAL_Driver/Src/stm32f4xx_hal_gpio.o
                0x0000000008003988                HAL_GPIO_WritePin
 .text.HAL_HCD_Init
                0x00000000080039ba       0xc4 ./Drivers/STM32F4xx_HAL_Driver/Src/stm32f4xx_hal_hcd.o
                0x00000000080039ba                HAL_HCD_Init
 .text.HAL_HCD_HC_Init
                0x0000000008003a7e      0x11e ./Drivers/STM32F4xx_HAL_Driver/Src/stm32f4xx_hal_hcd.o
                0x0000000008003a7e                HAL_HCD_HC_Init
 .text.HAL_HCD_HC_Halt
                0x0000000008003b9c       0x46 ./Drivers/STM32F4xx_HAL_Driver/Src/stm32f4xx_hal_hcd.o
                0x0000000008003b9c                HAL_HCD_HC_Halt
 *fill*         0x0000000008003be2        0x2 
 .text.HAL_HCD_HC_SubmitRequest
                0x0000000008003be4      0x2ac ./Drivers/STM32F4xx_HAL_Driver/Src/stm32f4xx_hal_hcd.o
                0x0000000008003be4                HAL_HCD_HC_SubmitRequest
 .text.HAL_HCD_IRQHandler
                0x0000000008003e90      0x216 ./Drivers/STM32F4xx_HAL_Driver/Src/stm32f4xx_hal_hcd.o
                0x0000000008003e90                HAL_HCD_IRQHandler
 .text.HAL_HCD_Start
                0x00000000080040a6       0x46 ./Drivers/STM32F4xx_HAL_Driver/Src/stm32f4xx_hal_hcd.o
                0x00000000080040a6                HAL_HCD_Start
 .text.HAL_HCD_Stop
                0x00000000080040ec       0x3a ./Drivers/STM32F4xx_HAL_Driver/Src/stm32f4xx_hal_hcd.o
                0x00000000080040ec                HAL_HCD_Stop
 .text.HAL_HCD_ResetPort
                0x0000000008004126       0x1c ./Drivers/STM32F4xx_HAL_Driver/Src/stm32f4xx_hal_hcd.o
                0x0000000008004126                HAL_HCD_ResetPort
 .text.HAL_HCD_HC_GetURBState
                0x0000000008004142       0x28 ./Drivers/STM32F4xx_HAL_Driver/Src/stm32f4xx_hal_hcd.o
                0x0000000008004142                HAL_HCD_HC_GetURBState
 .text.HAL_HCD_HC_GetXferCount
                0x000000000800416a       0x28 ./Drivers/STM32F4xx_HAL_Driver/Src/stm32f4xx_hal_hcd.o
                0x000000000800416a                HAL_HCD_HC_GetXferCount
 .text.HAL_HCD_GetCurrentFrame
                0x0000000008004192       0x1c ./Drivers/STM32F4xx_HAL_Driver/Src/stm32f4xx_hal_hcd.o
                0x0000000008004192                HAL_HCD_GetCurrentFrame
 .text.HAL_HCD_GetCurrentSpeed
                0x00000000080041ae       0x1c ./Drivers/STM32F4xx_HAL_Driver/Src/stm32f4xx_hal_hcd.o
                0x00000000080041ae                HAL_HCD_GetCurrentSpeed
 .text.HCD_HC_IN_IRQHandler
                0x00000000080041ca      0x6aa ./Drivers/STM32F4xx_HAL_Driver/Src/stm32f4xx_hal_hcd.o
 .text.HCD_HC_OUT_IRQHandler
                0x0000000008004874      0x6d2 ./Drivers/STM32F4xx_HAL_Driver/Src/stm32f4xx_hal_hcd.o
 .text.HCD_RXQLVL_IRQHandler
                0x0000000008004f46      0x1a4 ./Drivers/STM32F4xx_HAL_Driver/Src/stm32f4xx_hal_hcd.o
 .text.HCD_Port_IRQHandler
                0x00000000080050ea       0xe6 ./Drivers/STM32F4xx_HAL_Driver/Src/stm32f4xx_hal_hcd.o
 .text.HAL_I2C_Init
                0x00000000080051d0      0x288 ./Drivers/STM32F4xx_HAL_Driver/Src/stm32f4xx_hal_i2c.o
                0x00000000080051d0                HAL_I2C_Init
 .text.HAL_I2S_Init
                0x0000000008005458      0x280 ./Drivers/STM32F4xx_HAL_Driver/Src/stm32f4xx_hal_i2s.o
                0x0000000008005458                HAL_I2S_Init
 .text.HAL_I2S_TxCpltCallback
                0x00000000080056d8       0x14 ./Drivers/STM32F4xx_HAL_Driver/Src/stm32f4xx_hal_i2s.o
                0x00000000080056d8                HAL_I2S_TxCpltCallback
 .text.HAL_I2S_RxCpltCallback
                0x00000000080056ec       0x14 ./Drivers/STM32F4xx_HAL_Driver/Src/stm32f4xx_hal_i2s.o
                0x00000000080056ec                HAL_I2S_RxCpltCallback
 .text.HAL_I2S_ErrorCallback
                0x0000000008005700       0x14 ./Drivers/STM32F4xx_HAL_Driver/Src/stm32f4xx_hal_i2s.o
                0x0000000008005700                HAL_I2S_ErrorCallback
 .text.I2S_Transmit_IT
                0x0000000008005714       0x5c ./Drivers/STM32F4xx_HAL_Driver/Src/stm32f4xx_hal_i2s.o
 .text.I2S_Receive_IT
                0x0000000008005770       0x5e ./Drivers/STM32F4xx_HAL_Driver/Src/stm32f4xx_hal_i2s.o
 .text.I2S_IRQHandler
                0x00000000080057ce      0x114 ./Drivers/STM32F4xx_HAL_Driver/Src/stm32f4xx_hal_i2s.o
 *fill*         0x00000000080058e2        0x2 
 .text.HAL_I2SEx_FullDuplex_IRQHandler
                0x00000000080058e4      0x2a8 ./Drivers/STM32F4xx_HAL_Driver/Src/stm32f4xx_hal_i2s_ex.o
                0x00000000080058e4                HAL_I2SEx_FullDuplex_IRQHandler
 .text.HAL_I2SEx_TxRxCpltCallback
                0x0000000008005b8c       0x14 ./Drivers/STM32F4xx_HAL_Driver/Src/stm32f4xx_hal_i2s_ex.o
                0x0000000008005b8c                HAL_I2SEx_TxRxCpltCallback
 .text.I2SEx_TxISR_I2S
                0x0000000008005ba0       0x62 ./Drivers/STM32F4xx_HAL_Driver/Src/stm32f4xx_hal_i2s_ex.o
 *fill*         0x0000000008005c02        0x2 
 .text.I2SEx_TxISR_I2SExt
                0x0000000008005c04       0x98 ./Drivers/STM32F4xx_HAL_Driver/Src/stm32f4xx_hal_i2s_ex.o
 .text.I2SEx_RxISR_I2S
                0x0000000008005c9c       0x64 ./Drivers/STM32F4xx_HAL_Driver/Src/stm32f4xx_hal_i2s_ex.o
 .text.I2SEx_RxISR_I2SExt
                0x0000000008005d00       0x98 ./Drivers/STM32F4xx_HAL_Driver/Src/stm32f4xx_hal_i2s_ex.o
 .text.HAL_RCC_OscConfig
                0x0000000008005d98      0x4f0 ./Drivers/STM32F4xx_HAL_Driver/Src/stm32f4xx_hal_rcc.o
                0x0000000008005d98                HAL_RCC_OscConfig
 .text.HAL_RCC_ClockConfig
                0x0000000008006288      0x1cc ./Drivers/STM32F4xx_HAL_Driver/Src/stm32f4xx_hal_rcc.o
                0x0000000008006288                HAL_RCC_ClockConfig
 .text.HAL_RCC_GetSysClockFreq
                0x0000000008006454      0x20c ./Drivers/STM32F4xx_HAL_Driver/Src/stm32f4xx_hal_rcc.o
                0x0000000008006454                HAL_RCC_GetSysClockFreq
 .text.HAL_RCC_GetHCLKFreq
                0x0000000008006660       0x18 ./Drivers/STM32F4xx_HAL_Driver/Src/stm32f4xx_hal_rcc.o
                0x0000000008006660                HAL_RCC_GetHCLKFreq
 .text.HAL_RCC_GetPCLK1Freq
                0x0000000008006678       0x28 ./Drivers/STM32F4xx_HAL_Driver/Src/stm32f4xx_hal_rcc.o
                0x0000000008006678                HAL_RCC_GetPCLK1Freq
 .text.HAL_RCCEx_PeriphCLKConfig
                0x00000000080066a0      0x1c4 ./Drivers/STM32F4xx_HAL_Driver/Src/stm32f4xx_hal_rcc_ex.o
                0x00000000080066a0                HAL_RCCEx_PeriphCLKConfig
 .text.HAL_RCCEx_GetPeriphCLKFreq
                0x0000000008006864       0xbc ./Drivers/STM32F4xx_HAL_Driver/Src/stm32f4xx_hal_rcc_ex.o
                0x0000000008006864                HAL_RCCEx_GetPeriphCLKFreq
 .text.HAL_SPI_Init
                0x0000000008006920      0x112 ./Drivers/STM32F4xx_HAL_Driver/Src/stm32f4xx_hal_spi.o
                0x0000000008006920                HAL_SPI_Init
 .text.HAL_SPI_Transmit
                0x0000000008006a32      0x278 ./Drivers/STM32F4xx_HAL_Driver/Src/stm32f4xx_hal_spi.o
                0x0000000008006a32                HAL_SPI_Transmit
 .text.HAL_SPI_Receive
                0x0000000008006caa      0x222 ./Drivers/STM32F4xx_HAL_Driver/Src/stm32f4xx_hal_spi.o
                0x0000000008006caa                HAL_SPI_Receive
 .text.HAL_SPI_TransmitReceive
                0x0000000008006ecc      0x344 ./Drivers/STM32F4xx_HAL_Driver/Src/stm32f4xx_hal_spi.o
                0x0000000008006ecc                HAL_SPI_TransmitReceive
 .text.SPI_WaitFlagStateUntilTimeout
                0x0000000008007210      0x110 ./Drivers/STM32F4xx_HAL_Driver/Src/stm32f4xx_hal_spi.o
 .text.SPI_EndRxTransaction
                0x0000000008007320       0xca ./Drivers/STM32F4xx_HAL_Driver/Src/stm32f4xx_hal_spi.o
 *fill*         0x00000000080073ea        0x2 
 .text.SPI_EndRxTxTransaction
                0x00000000080073ec       0x84 ./Drivers/STM32F4xx_HAL_Driver/Src/stm32f4xx_hal_spi.o
 .text.USB_CoreInit
                0x0000000008007470       0xc2 ./Drivers/STM32F4xx_HAL_Driver/Src/stm32f4xx_ll_usb.o
                0x0000000008007470                USB_CoreInit
 .text.USB_EnableGlobalInt
                0x0000000008007532       0x22 ./Drivers/STM32F4xx_HAL_Driver/Src/stm32f4xx_ll_usb.o
                0x0000000008007532                USB_EnableGlobalInt
 .text.USB_DisableGlobalInt
                0x0000000008007554       0x22 ./Drivers/STM32F4xx_HAL_Driver/Src/stm32f4xx_ll_usb.o
                0x0000000008007554                USB_DisableGlobalInt
 .text.USB_SetCurrentMode
                0x0000000008007576       0x98 ./Drivers/STM32F4xx_HAL_Driver/Src/stm32f4xx_ll_usb.o
                0x0000000008007576                USB_SetCurrentMode
 *fill*         0x000000000800760e        0x2 
 .text.USB_FlushTxFifo
                0x0000000008007610       0x68 ./Drivers/STM32F4xx_HAL_Driver/Src/stm32f4xx_ll_usb.o
                0x0000000008007610                USB_FlushTxFifo
 .text.USB_FlushRxFifo
                0x0000000008007678       0x60 ./Drivers/STM32F4xx_HAL_Driver/Src/stm32f4xx_ll_usb.o
                0x0000000008007678                USB_FlushRxFifo
 .text.USB_WritePacket
                0x00000000080076d8       0x7c ./Drivers/STM32F4xx_HAL_Driver/Src/stm32f4xx_ll_usb.o
                0x00000000080076d8                USB_WritePacket
 .text.USB_ReadPacket
                0x0000000008007754       0xb0 ./Drivers/STM32F4xx_HAL_Driver/Src/stm32f4xx_ll_usb.o
                0x0000000008007754                USB_ReadPacket
 .text.USB_ReadInterrupts
                0x0000000008007804       0x26 ./Drivers/STM32F4xx_HAL_Driver/Src/stm32f4xx_ll_usb.o
                0x0000000008007804                USB_ReadInterrupts
 .text.USB_GetMode
                0x000000000800782a       0x1c ./Drivers/STM32F4xx_HAL_Driver/Src/stm32f4xx_ll_usb.o
                0x000000000800782a                USB_GetMode
 *fill*         0x0000000008007846        0x2 
 .text.USB_CoreReset
                0x0000000008007848       0x68 ./Drivers/STM32F4xx_HAL_Driver/Src/stm32f4xx_ll_usb.o
 .text.USB_HostInit
                0x00000000080078b0      0x180 ./Drivers/STM32F4xx_HAL_Driver/Src/stm32f4xx_ll_usb.o
                0x00000000080078b0                USB_HostInit
 .text.USB_InitFSLSPClkSel
                0x0000000008007a30       0x74 ./Drivers/STM32F4xx_HAL_Driver/Src/stm32f4xx_ll_usb.o
                0x0000000008007a30                USB_InitFSLSPClkSel
 .text.USB_ResetPort
                0x0000000008007aa4       0x54 ./Drivers/STM32F4xx_HAL_Driver/Src/stm32f4xx_ll_usb.o
                0x0000000008007aa4                USB_ResetPort
 .text.USB_DriveVbus
                0x0000000008007af8       0x72 ./Drivers/STM32F4xx_HAL_Driver/Src/stm32f4xx_ll_usb.o
                0x0000000008007af8                USB_DriveVbus
 .text.USB_GetHostSpeed
                0x0000000008007b6a       0x2e ./Drivers/STM32F4xx_HAL_Driver/Src/stm32f4xx_ll_usb.o
                0x0000000008007b6a                USB_GetHostSpeed
 .text.USB_GetCurrentFrame
                0x0000000008007b98       0x22 ./Drivers/STM32F4xx_HAL_Driver/Src/stm32f4xx_ll_usb.o
                0x0000000008007b98                USB_GetCurrentFrame
 *fill*         0x0000000008007bba        0x2 
 .text.USB_HC_Init
                0x0000000008007bbc      0x244 ./Drivers/STM32F4xx_HAL_Driver/Src/stm32f4xx_ll_usb.o
                0x0000000008007bbc                USB_HC_Init
 .text.USB_HC_StartXfer
                0x0000000008007e00      0x284 ./Drivers/STM32F4xx_HAL_Driver/Src/stm32f4xx_ll_usb.o
                0x0000000008007e00                USB_HC_StartXfer
 .text.USB_HC_ReadInterrupt
                0x0000000008008084       0x22 ./Drivers/STM32F4xx_HAL_Driver/Src/stm32f4xx_ll_usb.o
                0x0000000008008084                USB_HC_ReadInterrupt
 .text.USB_HC_Halt
                0x00000000080080a6      0x1f8 ./Drivers/STM32F4xx_HAL_Driver/Src/stm32f4xx_ll_usb.o
                0x00000000080080a6                USB_HC_Halt
 *fill*         0x000000000800829e        0x2 
 .text.USB_DoPing
                0x00000000080082a0       0x78 ./Drivers/STM32F4xx_HAL_Driver/Src/stm32f4xx_ll_usb.o
                0x00000000080082a0                USB_DoPing
 .text.USB_StopHost
                0x0000000008008318      0x124 ./Drivers/STM32F4xx_HAL_Driver/Src/stm32f4xx_ll_usb.o
                0x0000000008008318                USB_StopHost
 .text.USBH_CDC_InterfaceInit
                0x000000000800843c      0x2ac ./Middlewares/ST/STM32_USB_Host_Library/Class/CDC/Src/usbh_cdc.o
 .text.USBH_CDC_InterfaceDeInit
                0x00000000080086e8       0xb2 ./Middlewares/ST/STM32_USB_Host_Library/Class/CDC/Src/usbh_cdc.o
 .text.USBH_CDC_ClassRequest
                0x000000000800879a       0x3e ./Middlewares/ST/STM32_USB_Host_Library/Class/CDC/Src/usbh_cdc.o
 .text.USBH_CDC_Process
                0x00000000080087d8      0x12c ./Middlewares/ST/STM32_USB_Host_Library/Class/CDC/Src/usbh_cdc.o
 .text.USBH_CDC_SOFProcess
                0x0000000008008904       0x16 ./Middlewares/ST/STM32_USB_Host_Library/Class/CDC/Src/usbh_cdc.o
 .text.GetLineCoding
                0x000000000800891a       0x3e ./Middlewares/ST/STM32_USB_Host_Library/Class/CDC/Src/usbh_cdc.o
 .text.SetLineCoding
                0x0000000008008958       0x3e ./Middlewares/ST/STM32_USB_Host_Library/Class/CDC/Src/usbh_cdc.o
 .text.CDC_ProcessTransmission
                0x0000000008008996       0xec ./Middlewares/ST/STM32_USB_Host_Library/Class/CDC/Src/usbh_cdc.o
 .text.CDC_ProcessReception
                0x0000000008008a82       0xb6 ./Middlewares/ST/STM32_USB_Host_Library/Class/CDC/Src/usbh_cdc.o
 .text.USBH_CDC_TransmitCallback
                0x0000000008008b38       0x14 ./Middlewares/ST/STM32_USB_Host_Library/Class/CDC/Src/usbh_cdc.o
                0x0000000008008b38                USBH_CDC_TransmitCallback
 .text.USBH_CDC_ReceiveCallback
                0x0000000008008b4c       0x14 ./Middlewares/ST/STM32_USB_Host_Library/Class/CDC/Src/usbh_cdc.o
                0x0000000008008b4c                USBH_CDC_ReceiveCallback
 .text.USBH_CDC_LineCodingChanged
                0x0000000008008b60       0x14 ./Middlewares/ST/STM32_USB_Host_Library/Class/CDC/Src/usbh_cdc.o
                0x0000000008008b60                USBH_CDC_LineCodingChanged
 .text.USBH_Init
                0x0000000008008b74       0x74 ./Middlewares/ST/STM32_USB_Host_Library/Core/Src/usbh_core.o
                0x0000000008008b74                USBH_Init
 .text.DeInitStateMachine
                0x0000000008008be8       0xa8 ./Middlewares/ST/STM32_USB_Host_Library/Core/Src/usbh_core.o
 .text.USBH_RegisterClass
                0x0000000008008c90       0x54 ./Middlewares/ST/STM32_USB_Host_Library/Core/Src/usbh_core.o
                0x0000000008008c90                USBH_RegisterClass
 .text.USBH_SelectInterface
                0x0000000008008ce4       0x38 ./Middlewares/ST/STM32_USB_Host_Library/Core/Src/usbh_core.o
                0x0000000008008ce4                USBH_SelectInterface
 .text.USBH_FindInterface
                0x0000000008008d1c       0x8c ./Middlewares/ST/STM32_USB_Host_Library/Core/Src/usbh_core.o
                0x0000000008008d1c                USBH_FindInterface
 .text.USBH_Start
                0x0000000008008da8       0x20 ./Middlewares/ST/STM32_USB_Host_Library/Core/Src/usbh_core.o
                0x0000000008008da8                USBH_Start
 .text.USBH_Process
                0x0000000008008dc8      0x3d8 ./Middlewares/ST/STM32_USB_Host_Library/Core/Src/usbh_core.o
                0x0000000008008dc8                USBH_Process
 .text.USBH_HandleEnum
                0x00000000080091a0      0x3c8 ./Middlewares/ST/STM32_USB_Host_Library/Core/Src/usbh_core.o
 .text.USBH_LL_SetTimer
                0x0000000008009568       0x1e ./Middlewares/ST/STM32_USB_Host_Library/Core/Src/usbh_core.o
                0x0000000008009568                USBH_LL_SetTimer
 .text.USBH_LL_IncTimer
                0x0000000008009586       0x24 ./Middlewares/ST/STM32_USB_Host_Library/Core/Src/usbh_core.o
                0x0000000008009586                USBH_LL_IncTimer
 .text.USBH_HandleSof
                0x00000000080095aa       0x30 ./Middlewares/ST/STM32_USB_Host_Library/Core/Src/usbh_core.o
 .text.USBH_LL_PortEnabled
                0x00000000080095da       0x1c ./Middlewares/ST/STM32_USB_Host_Library/Core/Src/usbh_core.o
                0x00000000080095da                USBH_LL_PortEnabled
 .text.USBH_LL_PortDisabled
                0x00000000080095f6       0x1c ./Middlewares/ST/STM32_USB_Host_Library/Core/Src/usbh_core.o
                0x00000000080095f6                USBH_LL_PortDisabled
 .text.USBH_LL_Connect
                0x0000000008009612       0x2e ./Middlewares/ST/STM32_USB_Host_Library/Core/Src/usbh_core.o
                0x0000000008009612                USBH_LL_Connect
 .text.USBH_LL_Disconnect
                0x0000000008009640       0x48 ./Middlewares/ST/STM32_USB_Host_Library/Core/Src/usbh_core.o
                0x0000000008009640                USBH_LL_Disconnect
 .text.USBH_Get_DevDesc
                0x0000000008009688       0x50 ./Middlewares/ST/STM32_USB_Host_Library/Core/Src/usbh_ctlreq.o
                0x0000000008009688                USBH_Get_DevDesc
 .text.USBH_Get_CfgDesc
                0x00000000080096d8       0x48 ./Middlewares/ST/STM32_USB_Host_Library/Core/Src/usbh_ctlreq.o
                0x00000000080096d8                USBH_Get_CfgDesc
 .text.USBH_Get_StringDesc
                0x0000000008009720       0x56 ./Middlewares/ST/STM32_USB_Host_Library/Core/Src/usbh_ctlreq.o
                0x0000000008009720                USBH_Get_StringDesc
 .text.USBH_GetDescriptor
                0x0000000008009776       0x6a ./Middlewares/ST/STM32_USB_Host_Library/Core/Src/usbh_ctlreq.o
                0x0000000008009776                USBH_GetDescriptor
 .text.USBH_SetAddress
                0x00000000080097e0       0x48 ./Middlewares/ST/STM32_USB_Host_Library/Core/Src/usbh_ctlreq.o
                0x00000000080097e0                USBH_SetAddress
 .text.USBH_SetCfg
                0x0000000008009828       0x46 ./Middlewares/ST/STM32_USB_Host_Library/Core/Src/usbh_ctlreq.o
                0x0000000008009828                USBH_SetCfg
 .text.USBH_SetFeature
                0x000000000800986e       0x48 ./Middlewares/ST/STM32_USB_Host_Library/Core/Src/usbh_ctlreq.o
                0x000000000800986e                USBH_SetFeature
 .text.USBH_ClrFeature
                0x00000000080098b6       0x48 ./Middlewares/ST/STM32_USB_Host_Library/Core/Src/usbh_ctlreq.o
                0x00000000080098b6                USBH_ClrFeature
 .text.USBH_ParseDevDesc
                0x00000000080098fe      0x122 ./Middlewares/ST/STM32_USB_Host_Library/Core/Src/usbh_ctlreq.o
 .text.USBH_ParseCfgDesc
                0x0000000008009a20      0x1ec ./Middlewares/ST/STM32_USB_Host_Library/Core/Src/usbh_ctlreq.o
 .text.USBH_ParseInterfaceDesc
                0x0000000008009c0c       0x5e ./Middlewares/ST/STM32_USB_Host_Library/Core/Src/usbh_ctlreq.o
 .text.USBH_ParseEPDesc
                0x0000000008009c6a      0x14a ./Middlewares/ST/STM32_USB_Host_Library/Core/Src/usbh_ctlreq.o
 .text.USBH_ParseStringDesc
                0x0000000008009db4       0x66 ./Middlewares/ST/STM32_USB_Host_Library/Core/Src/usbh_ctlreq.o
 .text.USBH_GetNextDesc
                0x0000000008009e1a       0x36 ./Middlewares/ST/STM32_USB_Host_Library/Core/Src/usbh_ctlreq.o
                0x0000000008009e1a                USBH_GetNextDesc
 .text.USBH_CtlReq
                0x0000000008009e50       0x7a ./Middlewares/ST/STM32_USB_Host_Library/Core/Src/usbh_ctlreq.o
                0x0000000008009e50                USBH_CtlReq
 *fill*         0x0000000008009eca        0x2 
 .text.USBH_HandleControl
                0x0000000008009ecc      0x2e8 ./Middlewares/ST/STM32_USB_Host_Library/Core/Src/usbh_ctlreq.o
 .text.USBH_CtlSendSetup
                0x000000000800a1b4       0x34 ./Middlewares/ST/STM32_USB_Host_Library/Core/Src/usbh_ioreq.o
                0x000000000800a1b4                USBH_CtlSendSetup
 .text.USBH_CtlSendData
                0x000000000800a1e8       0x4a ./Middlewares/ST/STM32_USB_Host_Library/Core/Src/usbh_ioreq.o
                0x000000000800a1e8                USBH_CtlSendData
 .text.USBH_CtlReceiveData
                0x000000000800a232       0x3c ./Middlewares/ST/STM32_USB_Host_Library/Core/Src/usbh_ioreq.o
                0x000000000800a232                USBH_CtlReceiveData
 .text.USBH_BulkSendData
                0x000000000800a26e       0x4a ./Middlewares/ST/STM32_USB_Host_Library/Core/Src/usbh_ioreq.o
                0x000000000800a26e                USBH_BulkSendData
 .text.USBH_BulkReceiveData
                0x000000000800a2b8       0x3c ./Middlewares/ST/STM32_USB_Host_Library/Core/Src/usbh_ioreq.o
                0x000000000800a2b8                USBH_BulkReceiveData
 .text.USBH_OpenPipe
                0x000000000800a2f4       0x3e ./Middlewares/ST/STM32_USB_Host_Library/Core/Src/usbh_pipes.o
                0x000000000800a2f4                USBH_OpenPipe
 .text.USBH_ClosePipe
                0x000000000800a332       0x20 ./Middlewares/ST/STM32_USB_Host_Library/Core/Src/usbh_pipes.o
                0x000000000800a332                USBH_ClosePipe
 .text.USBH_AllocPipe
                0x000000000800a352       0x42 ./Middlewares/ST/STM32_USB_Host_Library/Core/Src/usbh_pipes.o
                0x000000000800a352                USBH_AllocPipe
 .text.USBH_FreePipe
                0x000000000800a394       0x3c ./Middlewares/ST/STM32_USB_Host_Library/Core/Src/usbh_pipes.o
                0x000000000800a394                USBH_FreePipe
 .text.USBH_GetFreePipe
                0x000000000800a3d0       0x48 ./Middlewares/ST/STM32_USB_Host_Library/Core/Src/usbh_pipes.o
 .text.MX_USB_HOST_Init
                0x000000000800a418       0x4c ./USB_HOST/App/usb_host.o
                0x000000000800a418                MX_USB_HOST_Init
 .text.MX_USB_HOST_Process
                0x000000000800a464       0x14 ./USB_HOST/App/usb_host.o
                0x000000000800a464                MX_USB_HOST_Process
 .text.USBH_UserProcess
                0x000000000800a478       0x5c ./USB_HOST/App/usb_host.o
 .text.HAL_HCD_MspInit
                0x000000000800a4d4       0xc4 ./USB_HOST/Target/usbh_conf.o
                0x000000000800a4d4                HAL_HCD_MspInit
 .text.HAL_HCD_SOF_Callback
                0x000000000800a598       0x1c ./USB_HOST/Target/usbh_conf.o
                0x000000000800a598                HAL_HCD_SOF_Callback
 .text.HAL_HCD_Connect_Callback
                0x000000000800a5b4       0x1c ./USB_HOST/Target/usbh_conf.o
                0x000000000800a5b4                HAL_HCD_Connect_Callback
 .text.HAL_HCD_Disconnect_Callback
                0x000000000800a5d0       0x1c ./USB_HOST/Target/usbh_conf.o
                0x000000000800a5d0                HAL_HCD_Disconnect_Callback
 .text.HAL_HCD_HC_NotifyURBChange_Callback
                0x000000000800a5ec       0x1c ./USB_HOST/Target/usbh_conf.o
                0x000000000800a5ec                HAL_HCD_HC_NotifyURBChange_Callback
 .text.HAL_HCD_PortEnabled_Callback
                0x000000000800a608       0x1c ./USB_HOST/Target/usbh_conf.o
                0x000000000800a608                HAL_HCD_PortEnabled_Callback
 .text.HAL_HCD_PortDisabled_Callback
                0x000000000800a624       0x1c ./USB_HOST/Target/usbh_conf.o
                0x000000000800a624                HAL_HCD_PortDisabled_Callback
 .text.USBH_LL_Init
                0x000000000800a640       0x78 ./USB_HOST/Target/usbh_conf.o
                0x000000000800a640                USBH_LL_Init
 .text.USBH_LL_Start
                0x000000000800a6b8       0x36 ./USB_HOST/Target/usbh_conf.o
                0x000000000800a6b8                USBH_LL_Start
 .text.USBH_LL_Stop
                0x000000000800a6ee       0x36 ./USB_HOST/Target/usbh_conf.o
                0x000000000800a6ee                USBH_LL_Stop
 .text.USBH_LL_GetSpeed
                0x000000000800a724       0x4e ./USB_HOST/Target/usbh_conf.o
                0x000000000800a724                USBH_LL_GetSpeed
 .text.USBH_LL_ResetPort
                0x000000000800a772       0x36 ./USB_HOST/Target/usbh_conf.o
                0x000000000800a772                USBH_LL_ResetPort
 .text.USBH_LL_GetLastXferSize
                0x000000000800a7a8       0x26 ./USB_HOST/Target/usbh_conf.o
                0x000000000800a7a8                USBH_LL_GetLastXferSize
 .text.USBH_LL_OpenPipe
                0x000000000800a7ce       0x5e ./USB_HOST/Target/usbh_conf.o
                0x000000000800a7ce                USBH_LL_OpenPipe
 .text.USBH_LL_ClosePipe
                0x000000000800a82c       0x3e ./USB_HOST/Target/usbh_conf.o
                0x000000000800a82c                USBH_LL_ClosePipe
 .text.USBH_LL_SubmitURB
                0x000000000800a86a       0x62 ./USB_HOST/Target/usbh_conf.o
                0x000000000800a86a                USBH_LL_SubmitURB
 .text.USBH_LL_GetURBState
                0x000000000800a8cc       0x26 ./USB_HOST/Target/usbh_conf.o
                0x000000000800a8cc                USBH_LL_GetURBState
 .text.USBH_LL_DriverVBUS
                0x000000000800a8f2       0x2e ./USB_HOST/Target/usbh_conf.o
                0x000000000800a8f2                USBH_LL_DriverVBUS
 .text.USBH_LL_SetToggle
                0x000000000800a920       0x60 ./USB_HOST/Target/usbh_conf.o
                0x000000000800a920                USBH_LL_SetToggle
 .text.USBH_Delay
                0x000000000800a980       0x16 ./USB_HOST/Target/usbh_conf.o
                0x000000000800a980                USBH_Delay
 *fill*         0x000000000800a996        0x2 
 .text.USBH_Get_USB_Status
                0x000000000800a998       0x58 ./USB_HOST/Target/usbh_conf.o
                0x000000000800a998                USBH_Get_USB_Status
 .text.MX_DriverVbusFS
                0x000000000800a9f0       0x38 ./USB_HOST/Target/usbh_platform.o
                0x000000000800a9f0                MX_DriverVbusFS
 .text.__errno  0x000000000800aa28        0xc c:/st/stm32cubeide_1.12.0/stm32cubeide/plugins/com.st.stm32cube.ide.mcu.externaltools.gnu-tools-for-stm32.10.3-2021.10.win32_1.0.200.202301161003/tools/bin/../lib/gcc/arm-none-eabi/10.3.1/../../../../arm-none-eabi/lib/thumb/v7e-m+fp/hard\libc_nano.a(lib_a-errno.o)
                0x000000000800aa28                __errno
 .text.__libc_init_array
                0x000000000800aa34       0x48 c:/st/stm32cubeide_1.12.0/stm32cubeide/plugins/com.st.stm32cube.ide.mcu.externaltools.gnu-tools-for-stm32.10.3-2021.10.win32_1.0.200.202301161003/tools/bin/../lib/gcc/arm-none-eabi/10.3.1/../../../../arm-none-eabi/lib/thumb/v7e-m+fp/hard\libc_nano.a(lib_a-init.o)
                0x000000000800aa34                __libc_init_array
 .text.malloc   0x000000000800aa7c       0x10 c:/st/stm32cubeide_1.12.0/stm32cubeide/plugins/com.st.stm32cube.ide.mcu.externaltools.gnu-tools-for-stm32.10.3-2021.10.win32_1.0.200.202301161003/tools/bin/../lib/gcc/arm-none-eabi/10.3.1/../../../../arm-none-eabi/lib/thumb/v7e-m+fp/hard\libc_nano.a(lib_a-malloc.o)
                0x000000000800aa7c                malloc
 .text.free     0x000000000800aa8c       0x10 c:/st/stm32cubeide_1.12.0/stm32cubeide/plugins/com.st.stm32cube.ide.mcu.externaltools.gnu-tools-for-stm32.10.3-2021.10.win32_1.0.200.202301161003/tools/bin/../lib/gcc/arm-none-eabi/10.3.1/../../../../arm-none-eabi/lib/thumb/v7e-m+fp/hard\libc_nano.a(lib_a-malloc.o)
                0x000000000800aa8c                free
 .text.memset   0x000000000800aa9c       0x10 c:/st/stm32cubeide_1.12.0/stm32cubeide/plugins/com.st.stm32cube.ide.mcu.externaltools.gnu-tools-for-stm32.10.3-2021.10.win32_1.0.200.202301161003/tools/bin/../lib/gcc/arm-none-eabi/10.3.1/../../../../arm-none-eabi/lib/thumb/v7e-m+fp/hard\libc_nano.a(lib_a-memset.o)
                0x000000000800aa9c                memset
 .text._free_r  0x000000000800aaac       0x98 c:/st/stm32cubeide_1.12.0/stm32cubeide/plugins/com.st.stm32cube.ide.mcu.externaltools.gnu-tools-for-stm32.10.3-2021.10.win32_1.0.200.202301161003/tools/bin/../lib/gcc/arm-none-eabi/10.3.1/../../../../arm-none-eabi/lib/thumb/v7e-m+fp/hard\libc_nano.a(lib_a-nano-freer.o)
                0x000000000800aaac                _free_r
 .text.sbrk_aligned
                0x000000000800ab44       0x40 c:/st/stm32cubeide_1.12.0/stm32cubeide/plugins/com.st.stm32cube.ide.mcu.externaltools.gnu-tools-for-stm32.10.3-2021.10.win32_1.0.200.202301161003/tools/bin/../lib/gcc/arm-none-eabi/10.3.1/../../../../arm-none-eabi/lib/thumb/v7e-m+fp/hard\libc_nano.a(lib_a-nano-mallocr.o)
 .text._malloc_r
                0x000000000800ab84       0xe8 c:/st/stm32cubeide_1.12.0/stm32cubeide/plugins/com.st.stm32cube.ide.mcu.externaltools.gnu-tools-for-stm32.10.3-2021.10.win32_1.0.200.202301161003/tools/bin/../lib/gcc/arm-none-eabi/10.3.1/../../../../arm-none-eabi/lib/thumb/v7e-m+fp/hard\libc_nano.a(lib_a-nano-mallocr.o)
                0x000000000800ab84                _malloc_r
 .text.printf   0x000000000800ac6c       0x30 c:/st/stm32cubeide_1.12.0/stm32cubeide/plugins/com.st.stm32cube.ide.mcu.externaltools.gnu-tools-for-stm32.10.3-2021.10.win32_1.0.200.202301161003/tools/bin/../lib/gcc/arm-none-eabi/10.3.1/../../../../arm-none-eabi/lib/thumb/v7e-m+fp/hard\libc_nano.a(lib_a-printf.o)
                0x000000000800ac6c                iprintf
                0x000000000800ac6c                printf
 .text._puts_r  0x000000000800ac9c       0xdc c:/st/stm32cubeide_1.12.0/stm32cubeide/plugins/com.st.stm32cube.ide.mcu.externaltools.gnu-tools-for-stm32.10.3-2021.10.win32_1.0.200.202301161003/tools/bin/../lib/gcc/arm-none-eabi/10.3.1/../../../../arm-none-eabi/lib/thumb/v7e-m+fp/hard\libc_nano.a(lib_a-puts.o)
                0x000000000800ac9c                _puts_r
 .text.puts     0x000000000800ad78       0x10 c:/st/stm32cubeide_1.12.0/stm32cubeide/plugins/com.st.stm32cube.ide.mcu.externaltools.gnu-tools-for-stm32.10.3-2021.10.win32_1.0.200.202301161003/tools/bin/../lib/gcc/arm-none-eabi/10.3.1/../../../../arm-none-eabi/lib/thumb/v7e-m+fp/hard\libc_nano.a(lib_a-puts.o)
                0x000000000800ad78                puts
 .text._sbrk_r  0x000000000800ad88       0x20 c:/st/stm32cubeide_1.12.0/stm32cubeide/plugins/com.st.stm32cube.ide.mcu.externaltools.gnu-tools-for-stm32.10.3-2021.10.win32_1.0.200.202301161003/tools/bin/../lib/gcc/arm-none-eabi/10.3.1/../../../../arm-none-eabi/lib/thumb/v7e-m+fp/hard\libc_nano.a(lib_a-sbrkr.o)
                0x000000000800ad88                _sbrk_r
 .text.__swbuf_r
                0x000000000800ada8       0xa4 c:/st/stm32cubeide_1.12.0/stm32cubeide/plugins/com.st.stm32cube.ide.mcu.externaltools.gnu-tools-for-stm32.10.3-2021.10.win32_1.0.200.202301161003/tools/bin/../lib/gcc/arm-none-eabi/10.3.1/../../../../arm-none-eabi/lib/thumb/v7e-m+fp/hard\libc_nano.a(lib_a-wbuf.o)
                0x000000000800ada8                __swbuf_r
 .text.__swsetup_r
                0x000000000800ae4c       0xdc c:/st/stm32cubeide_1.12.0/stm32cubeide/plugins/com.st.stm32cube.ide.mcu.externaltools.gnu-tools-for-stm32.10.3-2021.10.win32_1.0.200.202301161003/tools/bin/../lib/gcc/arm-none-eabi/10.3.1/../../../../arm-none-eabi/lib/thumb/v7e-m+fp/hard\libc_nano.a(lib_a-wsetup.o)
                0x000000000800ae4c                __swsetup_r
 .text.__sflush_r
                0x000000000800af28      0x10c c:/st/stm32cubeide_1.12.0/stm32cubeide/plugins/com.st.stm32cube.ide.mcu.externaltools.gnu-tools-for-stm32.10.3-2021.10.win32_1.0.200.202301161003/tools/bin/../lib/gcc/arm-none-eabi/10.3.1/../../../../arm-none-eabi/lib/thumb/v7e-m+fp/hard\libc_nano.a(lib_a-fflush.o)
                0x000000000800af28                __sflush_r
 .text._fflush_r
                0x000000000800b034       0x78 c:/st/stm32cubeide_1.12.0/stm32cubeide/plugins/com.st.stm32cube.ide.mcu.externaltools.gnu-tools-for-stm32.10.3-2021.10.win32_1.0.200.202301161003/tools/bin/../lib/gcc/arm-none-eabi/10.3.1/../../../../arm-none-eabi/lib/thumb/v7e-m+fp/hard\libc_nano.a(lib_a-fflush.o)
                0x000000000800b034                _fflush_r
 .text.std      0x000000000800b0ac       0x48 c:/st/stm32cubeide_1.12.0/stm32cubeide/plugins/com.st.stm32cube.ide.mcu.externaltools.gnu-tools-for-stm32.10.3-2021.10.win32_1.0.200.202301161003/tools/bin/../lib/gcc/arm-none-eabi/10.3.1/../../../../arm-none-eabi/lib/thumb/v7e-m+fp/hard\libc_nano.a(lib_a-findfp.o)
 .text._cleanup_r
                0x000000000800b0f4        0xc c:/st/stm32cubeide_1.12.0/stm32cubeide/plugins/com.st.stm32cube.ide.mcu.externaltools.gnu-tools-for-stm32.10.3-2021.10.win32_1.0.200.202301161003/tools/bin/../lib/gcc/arm-none-eabi/10.3.1/../../../../arm-none-eabi/lib/thumb/v7e-m+fp/hard\libc_nano.a(lib_a-findfp.o)
                0x000000000800b0f4                _cleanup_r
 .text.__sfmoreglue
                0x000000000800b100       0x2c c:/st/stm32cubeide_1.12.0/stm32cubeide/plugins/com.st.stm32cube.ide.mcu.externaltools.gnu-tools-for-stm32.10.3-2021.10.win32_1.0.200.202301161003/tools/bin/../lib/gcc/arm-none-eabi/10.3.1/../../../../arm-none-eabi/lib/thumb/v7e-m+fp/hard\libc_nano.a(lib_a-findfp.o)
                0x000000000800b100                __sfmoreglue
 .text.__sfp_lock_acquire
                0x000000000800b12c        0xc c:/st/stm32cubeide_1.12.0/stm32cubeide/plugins/com.st.stm32cube.ide.mcu.externaltools.gnu-tools-for-stm32.10.3-2021.10.win32_1.0.200.202301161003/tools/bin/../lib/gcc/arm-none-eabi/10.3.1/../../../../arm-none-eabi/lib/thumb/v7e-m+fp/hard\libc_nano.a(lib_a-findfp.o)
                0x000000000800b12c                __sfp_lock_acquire
 .text.__sfp_lock_release
                0x000000000800b138        0xc c:/st/stm32cubeide_1.12.0/stm32cubeide/plugins/com.st.stm32cube.ide.mcu.externaltools.gnu-tools-for-stm32.10.3-2021.10.win32_1.0.200.202301161003/tools/bin/../lib/gcc/arm-none-eabi/10.3.1/../../../../arm-none-eabi/lib/thumb/v7e-m+fp/hard\libc_nano.a(lib_a-findfp.o)
                0x000000000800b138                __sfp_lock_release
 .text.__sinit_lock_acquire
                0x000000000800b144        0xc c:/st/stm32cubeide_1.12.0/stm32cubeide/plugins/com.st.stm32cube.ide.mcu.externaltools.gnu-tools-for-stm32.10.3-2021.10.win32_1.0.200.202301161003/tools/bin/../lib/gcc/arm-none-eabi/10.3.1/../../../../arm-none-eabi/lib/thumb/v7e-m+fp/hard\libc_nano.a(lib_a-findfp.o)
                0x000000000800b144                __sinit_lock_acquire
 .text.__sinit_lock_release
                0x000000000800b150        0xc c:/st/stm32cubeide_1.12.0/stm32cubeide/plugins/com.st.stm32cube.ide.mcu.externaltools.gnu-tools-for-stm32.10.3-2021.10.win32_1.0.200.202301161003/tools/bin/../lib/gcc/arm-none-eabi/10.3.1/../../../../arm-none-eabi/lib/thumb/v7e-m+fp/hard\libc_nano.a(lib_a-findfp.o)
                0x000000000800b150                __sinit_lock_release
 .text.__sinit  0x000000000800b15c       0x70 c:/st/stm32cubeide_1.12.0/stm32cubeide/plugins/com.st.stm32cube.ide.mcu.externaltools.gnu-tools-for-stm32.10.3-2021.10.win32_1.0.200.202301161003/tools/bin/../lib/gcc/arm-none-eabi/10.3.1/../../../../arm-none-eabi/lib/thumb/v7e-m+fp/hard\libc_nano.a(lib_a-findfp.o)
                0x000000000800b15c                __sinit
 .text.__sfp    0x000000000800b1cc       0x8c c:/st/stm32cubeide_1.12.0/stm32cubeide/plugins/com.st.stm32cube.ide.mcu.externaltools.gnu-tools-for-stm32.10.3-2021.10.win32_1.0.200.202301161003/tools/bin/../lib/gcc/arm-none-eabi/10.3.1/../../../../arm-none-eabi/lib/thumb/v7e-m+fp/hard\libc_nano.a(lib_a-findfp.o)
                0x000000000800b1cc                __sfp
 .text._fwalk_reent
                0x000000000800b258       0x3e c:/st/stm32cubeide_1.12.0/stm32cubeide/plugins/com.st.stm32cube.ide.mcu.externaltools.gnu-tools-for-stm32.10.3-2021.10.win32_1.0.200.202301161003/tools/bin/../lib/gcc/arm-none-eabi/10.3.1/../../../../arm-none-eabi/lib/thumb/v7e-m+fp/hard\libc_nano.a(lib_a-fwalk.o)
                0x000000000800b258                _fwalk_reent
 .text.__retarget_lock_init_recursive
                0x000000000800b296        0x2 c:/st/stm32cubeide_1.12.0/stm32cubeide/plugins/com.st.stm32cube.ide.mcu.externaltools.gnu-tools-for-stm32.10.3-2021.10.win32_1.0.200.202301161003/tools/bin/../lib/gcc/arm-none-eabi/10.3.1/../../../../arm-none-eabi/lib/thumb/v7e-m+fp/hard\libc_nano.a(lib_a-lock.o)
                0x000000000800b296                __retarget_lock_init_recursive
 .text.__retarget_lock_acquire_recursive
                0x000000000800b298        0x2 c:/st/stm32cubeide_1.12.0/stm32cubeide/plugins/com.st.stm32cube.ide.mcu.externaltools.gnu-tools-for-stm32.10.3-2021.10.win32_1.0.200.202301161003/tools/bin/../lib/gcc/arm-none-eabi/10.3.1/../../../../arm-none-eabi/lib/thumb/v7e-m+fp/hard\libc_nano.a(lib_a-lock.o)
                0x000000000800b298                __retarget_lock_acquire_recursive
 .text.__retarget_lock_release_recursive
                0x000000000800b29a        0x2 c:/st/stm32cubeide_1.12.0/stm32cubeide/plugins/com.st.stm32cube.ide.mcu.externaltools.gnu-tools-for-stm32.10.3-2021.10.win32_1.0.200.202301161003/tools/bin/../lib/gcc/arm-none-eabi/10.3.1/../../../../arm-none-eabi/lib/thumb/v7e-m+fp/hard\libc_nano.a(lib_a-lock.o)
                0x000000000800b29a                __retarget_lock_release_recursive
 .text.__swhatbuf_r
                0x000000000800b29c       0x4a c:/st/stm32cubeide_1.12.0/stm32cubeide/plugins/com.st.stm32cube.ide.mcu.externaltools.gnu-tools-for-stm32.10.3-2021.10.win32_1.0.200.202301161003/tools/bin/../lib/gcc/arm-none-eabi/10.3.1/../../../../arm-none-eabi/lib/thumb/v7e-m+fp/hard\libc_nano.a(lib_a-makebuf.o)
                0x000000000800b29c                __swhatbuf_r
 *fill*         0x000000000800b2e6        0x2 
 .text.__smakebuf_r
                0x000000000800b2e8       0x80 c:/st/stm32cubeide_1.12.0/stm32cubeide/plugins/com.st.stm32cube.ide.mcu.externaltools.gnu-tools-for-stm32.10.3-2021.10.win32_1.0.200.202301161003/tools/bin/../lib/gcc/arm-none-eabi/10.3.1/../../../../arm-none-eabi/lib/thumb/v7e-m+fp/hard\libc_nano.a(lib_a-makebuf.o)
                0x000000000800b2e8                __smakebuf_r
 .text.__malloc_lock
                0x000000000800b368        0xc c:/st/stm32cubeide_1.12.0/stm32cubeide/plugins/com.st.stm32cube.ide.mcu.externaltools.gnu-tools-for-stm32.10.3-2021.10.win32_1.0.200.202301161003/tools/bin/../lib/gcc/arm-none-eabi/10.3.1/../../../../arm-none-eabi/lib/thumb/v7e-m+fp/hard\libc_nano.a(lib_a-mlock.o)
                0x000000000800b368                __malloc_lock
 .text.__malloc_unlock
                0x000000000800b374        0xc c:/st/stm32cubeide_1.12.0/stm32cubeide/plugins/com.st.stm32cube.ide.mcu.externaltools.gnu-tools-for-stm32.10.3-2021.10.win32_1.0.200.202301161003/tools/bin/../lib/gcc/arm-none-eabi/10.3.1/../../../../arm-none-eabi/lib/thumb/v7e-m+fp/hard\libc_nano.a(lib_a-mlock.o)
                0x000000000800b374                __malloc_unlock
 .text.__sfputc_r
                0x000000000800b380       0x2e c:/st/stm32cubeide_1.12.0/stm32cubeide/plugins/com.st.stm32cube.ide.mcu.externaltools.gnu-tools-for-stm32.10.3-2021.10.win32_1.0.200.202301161003/tools/bin/../lib/gcc/arm-none-eabi/10.3.1/../../../../arm-none-eabi/lib/thumb/v7e-m+fp/hard\libc_nano.a(lib_a-nano-vfprintf.o)
 .text.__sfputs_r
                0x000000000800b3ae       0x24 c:/st/stm32cubeide_1.12.0/stm32cubeide/plugins/com.st.stm32cube.ide.mcu.externaltools.gnu-tools-for-stm32.10.3-2021.10.win32_1.0.200.202301161003/tools/bin/../lib/gcc/arm-none-eabi/10.3.1/../../../../arm-none-eabi/lib/thumb/v7e-m+fp/hard\libc_nano.a(lib_a-nano-vfprintf.o)
                0x000000000800b3ae                __sfputs_r
 *fill*         0x000000000800b3d2        0x2 
 .text._vfprintf_r
                0x000000000800b3d4      0x260 c:/st/stm32cubeide_1.12.0/stm32cubeide/plugins/com.st.stm32cube.ide.mcu.externaltools.gnu-tools-for-stm32.10.3-2021.10.win32_1.0.200.202301161003/tools/bin/../lib/gcc/arm-none-eabi/10.3.1/../../../../arm-none-eabi/lib/thumb/v7e-m+fp/hard\libc_nano.a(lib_a-nano-vfprintf.o)
                0x000000000800b3d4                _vfprintf_r
                0x000000000800b3d4                _vfiprintf_r
 .text._printf_common
                0x000000000800b634       0xda c:/st/stm32cubeide_1.12.0/stm32cubeide/plugins/com.st.stm32cube.ide.mcu.externaltools.gnu-tools-for-stm32.10.3-2021.10.win32_1.0.200.202301161003/tools/bin/../lib/gcc/arm-none-eabi/10.3.1/../../../../arm-none-eabi/lib/thumb/v7e-m+fp/hard\libc_nano.a(lib_a-nano-vfprintf_i.o)
                0x000000000800b634                _printf_common
 *fill*         0x000000000800b70e        0x2 
 .text._printf_i
                0x000000000800b710      0x24c c:/st/stm32cubeide_1.12.0/stm32cubeide/plugins/com.st.stm32cube.ide.mcu.externaltools.gnu-tools-for-stm32.10.3-2021.10.win32_1.0.200.202301161003/tools/bin/../lib/gcc/arm-none-eabi/10.3.1/../../../../arm-none-eabi/lib/thumb/v7e-m+fp/hard\libc_nano.a(lib_a-nano-vfprintf_i.o)
                0x000000000800b710                _printf_i
 .text.__sread  0x000000000800b95c       0x22 c:/st/stm32cubeide_1.12.0/stm32cubeide/plugins/com.st.stm32cube.ide.mcu.externaltools.gnu-tools-for-stm32.10.3-2021.10.win32_1.0.200.202301161003/tools/bin/../lib/gcc/arm-none-eabi/10.3.1/../../../../arm-none-eabi/lib/thumb/v7e-m+fp/hard\libc_nano.a(lib_a-stdio.o)
                0x000000000800b95c                __sread
 .text.__swrite
                0x000000000800b97e       0x38 c:/st/stm32cubeide_1.12.0/stm32cubeide/plugins/com.st.stm32cube.ide.mcu.externaltools.gnu-tools-for-stm32.10.3-2021.10.win32_1.0.200.202301161003/tools/bin/../lib/gcc/arm-none-eabi/10.3.1/../../../../arm-none-eabi/lib/thumb/v7e-m+fp/hard\libc_nano.a(lib_a-stdio.o)
                0x000000000800b97e                __swrite
 .text.__sseek  0x000000000800b9b6       0x24 c:/st/stm32cubeide_1.12.0/stm32cubeide/plugins/com.st.stm32cube.ide.mcu.externaltools.gnu-tools-for-stm32.10.3-2021.10.win32_1.0.200.202301161003/tools/bin/../lib/gcc/arm-none-eabi/10.3.1/../../../../arm-none-eabi/lib/thumb/v7e-m+fp/hard\libc_nano.a(lib_a-stdio.o)
                0x000000000800b9b6                __sseek
 .text.__sclose
                0x000000000800b9da        0x8 c:/st/stm32cubeide_1.12.0/stm32cubeide/plugins/com.st.stm32cube.ide.mcu.externaltools.gnu-tools-for-stm32.10.3-2021.10.win32_1.0.200.202301161003/tools/bin/../lib/gcc/arm-none-eabi/10.3.1/../../../../arm-none-eabi/lib/thumb/v7e-m+fp/hard\libc_nano.a(lib_a-stdio.o)
                0x000000000800b9da                __sclose
 *fill*         0x000000000800b9e2        0x2 
 .text._write_r
                0x000000000800b9e4       0x24 c:/st/stm32cubeide_1.12.0/stm32cubeide/plugins/com.st.stm32cube.ide.mcu.externaltools.gnu-tools-for-stm32.10.3-2021.10.win32_1.0.200.202301161003/tools/bin/../lib/gcc/arm-none-eabi/10.3.1/../../../../arm-none-eabi/lib/thumb/v7e-m+fp/hard\libc_nano.a(lib_a-writer.o)
                0x000000000800b9e4                _write_r
 .text._close_r
                0x000000000800ba08       0x20 c:/st/stm32cubeide_1.12.0/stm32cubeide/plugins/com.st.stm32cube.ide.mcu.externaltools.gnu-tools-for-stm32.10.3-2021.10.win32_1.0.200.202301161003/tools/bin/../lib/gcc/arm-none-eabi/10.3.1/../../../../arm-none-eabi/lib/thumb/v7e-m+fp/hard\libc_nano.a(lib_a-closer.o)
                0x000000000800ba08                _close_r
 .text._fstat_r
                0x000000000800ba28       0x24 c:/st/stm32cubeide_1.12.0/stm32cubeide/plugins/com.st.stm32cube.ide.mcu.externaltools.gnu-tools-for-stm32.10.3-2021.10.win32_1.0.200.202301161003/tools/bin/../lib/gcc/arm-none-eabi/10.3.1/../../../../arm-none-eabi/lib/thumb/v7e-m+fp/hard\libc_nano.a(lib_a-fstatr.o)
                0x000000000800ba28                _fstat_r
 .text._isatty_r
                0x000000000800ba4c       0x20 c:/st/stm32cubeide_1.12.0/stm32cubeide/plugins/com.st.stm32cube.ide.mcu.externaltools.gnu-tools-for-stm32.10.3-2021.10.win32_1.0.200.202301161003/tools/bin/../lib/gcc/arm-none-eabi/10.3.1/../../../../arm-none-eabi/lib/thumb/v7e-m+fp/hard\libc_nano.a(lib_a-isattyr.o)
                0x000000000800ba4c                _isatty_r
 .text._lseek_r
                0x000000000800ba6c       0x24 c:/st/stm32cubeide_1.12.0/stm32cubeide/plugins/com.st.stm32cube.ide.mcu.externaltools.gnu-tools-for-stm32.10.3-2021.10.win32_1.0.200.202301161003/tools/bin/../lib/gcc/arm-none-eabi/10.3.1/../../../../arm-none-eabi/lib/thumb/v7e-m+fp/hard\libc_nano.a(lib_a-lseekr.o)
                0x000000000800ba6c                _lseek_r
 .text._read_r  0x000000000800ba90       0x24 c:/st/stm32cubeide_1.12.0/stm32cubeide/plugins/com.st.stm32cube.ide.mcu.externaltools.gnu-tools-for-stm32.10.3-2021.10.win32_1.0.200.202301161003/tools/bin/../lib/gcc/arm-none-eabi/10.3.1/../../../../arm-none-eabi/lib/thumb/v7e-m+fp/hard\libc_nano.a(lib_a-readr.o)
                0x000000000800ba90                _read_r
 *(.glue_7)
 .glue_7        0x000000000800bab4        0x0 linker stubs
 *(.glue_7t)
 .glue_7t       0x000000000800bab4        0x0 linker stubs
 *(.eh_frame)
 .eh_frame      0x000000000800bab4        0x0 c:/st/stm32cubeide_1.12.0/stm32cubeide/plugins/com.st.stm32cube.ide.mcu.externaltools.gnu-tools-for-stm32.10.3-2021.10.win32_1.0.200.202301161003/tools/bin/../lib/gcc/arm-none-eabi/10.3.1/thumb/v7e-m+fp/hard/crtbegin.o
 *(.init)
 .init          0x000000000800bab4        0x4 c:/st/stm32cubeide_1.12.0/stm32cubeide/plugins/com.st.stm32cube.ide.mcu.externaltools.gnu-tools-for-stm32.10.3-2021.10.win32_1.0.200.202301161003/tools/bin/../lib/gcc/arm-none-eabi/10.3.1/thumb/v7e-m+fp/hard/crti.o
                0x000000000800bab4                _init
 .init          0x000000000800bab8        0x8 c:/st/stm32cubeide_1.12.0/stm32cubeide/plugins/com.st.stm32cube.ide.mcu.externaltools.gnu-tools-for-stm32.10.3-2021.10.win32_1.0.200.202301161003/tools/bin/../lib/gcc/arm-none-eabi/10.3.1/thumb/v7e-m+fp/hard/crtn.o
 *(.fini)
 .fini          0x000000000800bac0        0x4 c:/st/stm32cubeide_1.12.0/stm32cubeide/plugins/com.st.stm32cube.ide.mcu.externaltools.gnu-tools-for-stm32.10.3-2021.10.win32_1.0.200.202301161003/tools/bin/../lib/gcc/arm-none-eabi/10.3.1/thumb/v7e-m+fp/hard/crti.o
                0x000000000800bac0                _fini
 .fini          0x000000000800bac4        0x8 c:/st/stm32cubeide_1.12.0/stm32cubeide/plugins/com.st.stm32cube.ide.mcu.externaltools.gnu-tools-for-stm32.10.3-2021.10.win32_1.0.200.202301161003/tools/bin/../lib/gcc/arm-none-eabi/10.3.1/thumb/v7e-m+fp/hard/crtn.o
                0x000000000800bacc                . = ALIGN (0x4)
                0x000000000800bacc                _etext = .

.vfp11_veneer   0x000000000800bacc        0x0
 .vfp11_veneer  0x000000000800bacc        0x0 linker stubs

.v4_bx          0x000000000800bacc        0x0
 .v4_bx         0x000000000800bacc        0x0 linker stubs

.iplt           0x000000000800bacc        0x0
 .iplt          0x000000000800bacc        0x0 c:/st/stm32cubeide_1.12.0/stm32cubeide/plugins/com.st.stm32cube.ide.mcu.externaltools.gnu-tools-for-stm32.10.3-2021.10.win32_1.0.200.202301161003/tools/bin/../lib/gcc/arm-none-eabi/10.3.1/thumb/v7e-m+fp/hard/crtbegin.o

.rodata         0x000000000800bacc      0x2d0
                0x000000000800bacc                . = ALIGN (0x4)
 *(.rodata)
 .rodata        0x000000000800bacc      0x111 ./Core/Src/loopback.o
 *fill*         0x000000000800bbdd        0x3 
 .rodata        0x000000000800bbe0      0x108 ./Core/Src/main.o
 .rodata        0x000000000800bce8        0x4 ./Middlewares/ST/STM32_USB_Host_Library/Class/CDC/Src/usbh_cdc.o
 *(.rodata*)
 .rodata.AHBPrescTable
                0x000000000800bcec       0x10 ./Core/Src/system_stm32f4xx.o
                0x000000000800bcec                AHBPrescTable
 .rodata.APBPrescTable
                0x000000000800bcfc        0x8 ./Core/Src/system_stm32f4xx.o
                0x000000000800bcfc                APBPrescTable
 .rodata._global_impure_ptr
                0x000000000800bd04        0x4 c:/st/stm32cubeide_1.12.0/stm32cubeide/plugins/com.st.stm32cube.ide.mcu.externaltools.gnu-tools-for-stm32.10.3-2021.10.win32_1.0.200.202301161003/tools/bin/../lib/gcc/arm-none-eabi/10.3.1/../../../../arm-none-eabi/lib/thumb/v7e-m+fp/hard\libc_nano.a(lib_a-impure.o)
                0x000000000800bd04                _global_impure_ptr
 .rodata.__sf_fake_stderr
                0x000000000800bd08       0x20 c:/st/stm32cubeide_1.12.0/stm32cubeide/plugins/com.st.stm32cube.ide.mcu.externaltools.gnu-tools-for-stm32.10.3-2021.10.win32_1.0.200.202301161003/tools/bin/../lib/gcc/arm-none-eabi/10.3.1/../../../../arm-none-eabi/lib/thumb/v7e-m+fp/hard\libc_nano.a(lib_a-findfp.o)
                0x000000000800bd08                __sf_fake_stderr
 .rodata.__sf_fake_stdin
                0x000000000800bd28       0x20 c:/st/stm32cubeide_1.12.0/stm32cubeide/plugins/com.st.stm32cube.ide.mcu.externaltools.gnu-tools-for-stm32.10.3-2021.10.win32_1.0.200.202301161003/tools/bin/../lib/gcc/arm-none-eabi/10.3.1/../../../../arm-none-eabi/lib/thumb/v7e-m+fp/hard\libc_nano.a(lib_a-findfp.o)
                0x000000000800bd28                __sf_fake_stdin
 .rodata.__sf_fake_stdout
                0x000000000800bd48       0x20 c:/st/stm32cubeide_1.12.0/stm32cubeide/plugins/com.st.stm32cube.ide.mcu.externaltools.gnu-tools-for-stm32.10.3-2021.10.win32_1.0.200.202301161003/tools/bin/../lib/gcc/arm-none-eabi/10.3.1/../../../../arm-none-eabi/lib/thumb/v7e-m+fp/hard\libc_nano.a(lib_a-findfp.o)
                0x000000000800bd48                __sf_fake_stdout
 .rodata._vfprintf_r.str1.1
                0x000000000800bd68       0x11 c:/st/stm32cubeide_1.12.0/stm32cubeide/plugins/com.st.stm32cube.ide.mcu.externaltools.gnu-tools-for-stm32.10.3-2021.10.win32_1.0.200.202301161003/tools/bin/../lib/gcc/arm-none-eabi/10.3.1/../../../../arm-none-eabi/lib/thumb/v7e-m+fp/hard\libc_nano.a(lib_a-nano-vfprintf.o)
 .rodata._printf_i.str1.1
                0x000000000800bd79       0x22 c:/st/stm32cubeide_1.12.0/stm32cubeide/plugins/com.st.stm32cube.ide.mcu.externaltools.gnu-tools-for-stm32.10.3-2021.10.win32_1.0.200.202301161003/tools/bin/../lib/gcc/arm-none-eabi/10.3.1/../../../../arm-none-eabi/lib/thumb/v7e-m+fp/hard\libc_nano.a(lib_a-nano-vfprintf_i.o)
                0x000000000800bd9c                . = ALIGN (0x4)
 *fill*         0x000000000800bd9b        0x1 

.ARM.extab      0x000000000800bd9c        0x0
                0x000000000800bd9c                . = ALIGN (0x4)
 *(.ARM.extab* .gnu.linkonce.armextab.*)
                0x000000000800bd9c                . = ALIGN (0x4)

.ARM            0x000000000800bd9c        0x8
                0x000000000800bd9c                . = ALIGN (0x4)
                0x000000000800bd9c                __exidx_start = .
 *(.ARM.exidx*)
 .ARM.exidx     0x000000000800bd9c        0x8 c:/st/stm32cubeide_1.12.0/stm32cubeide/plugins/com.st.stm32cube.ide.mcu.externaltools.gnu-tools-for-stm32.10.3-2021.10.win32_1.0.200.202301161003/tools/bin/../lib/gcc/arm-none-eabi/10.3.1/thumb/v7e-m+fp/hard\libgcc.a(_udivmoddi4.o)
                0x000000000800bda4                __exidx_end = .
                0x000000000800bda4                . = ALIGN (0x4)

.rel.dyn        0x000000000800bda4        0x0
 .rel.iplt      0x000000000800bda4        0x0 c:/st/stm32cubeide_1.12.0/stm32cubeide/plugins/com.st.stm32cube.ide.mcu.externaltools.gnu-tools-for-stm32.10.3-2021.10.win32_1.0.200.202301161003/tools/bin/../lib/gcc/arm-none-eabi/10.3.1/thumb/v7e-m+fp/hard/crtbegin.o

.preinit_array  0x000000000800bda4        0x0
                0x000000000800bda4                . = ALIGN (0x4)
                0x000000000800bda4                PROVIDE (__preinit_array_start = .)
 *(.preinit_array*)
                0x000000000800bda4                PROVIDE (__preinit_array_end = .)
                0x000000000800bda4                . = ALIGN (0x4)

.init_array     0x000000000800bda4        0x4
                0x000000000800bda4                . = ALIGN (0x4)
                0x000000000800bda4                PROVIDE (__init_array_start = .)
 *(SORT_BY_NAME(.init_array.*))
 *(.init_array*)
 .init_array    0x000000000800bda4        0x4 c:/st/stm32cubeide_1.12.0/stm32cubeide/plugins/com.st.stm32cube.ide.mcu.externaltools.gnu-tools-for-stm32.10.3-2021.10.win32_1.0.200.202301161003/tools/bin/../lib/gcc/arm-none-eabi/10.3.1/thumb/v7e-m+fp/hard/crtbegin.o
                0x000000000800bda8                PROVIDE (__init_array_end = .)
                0x000000000800bda8                . = ALIGN (0x4)

.fini_array     0x000000000800bda8        0x4
                0x000000000800bda8                . = ALIGN (0x4)
                [!provide]                        PROVIDE (__fini_array_start = .)
 *(SORT_BY_NAME(.fini_array.*))
 *(.fini_array*)
 .fini_array    0x000000000800bda8        0x4 c:/st/stm32cubeide_1.12.0/stm32cubeide/plugins/com.st.stm32cube.ide.mcu.externaltools.gnu-tools-for-stm32.10.3-2021.10.win32_1.0.200.202301161003/tools/bin/../lib/gcc/arm-none-eabi/10.3.1/thumb/v7e-m+fp/hard/crtbegin.o
                [!provide]                        PROVIDE (__fini_array_end = .)
                0x000000000800bdac                . = ALIGN (0x4)
                0x000000000800bdac                _sidata = LOADADDR (.data)

.data           0x0000000020000000       0xd8 load address 0x000000000800bdac
                0x0000000020000000                . = ALIGN (0x4)
                0x0000000020000000                _sdata = .
 *(.data)
 *(.data*)
 .data.gWIZNETINFO
                0x0000000020000000       0x17 ./Core/Src/main.o
                0x0000000020000000                gWIZNETINFO
 *fill*         0x0000000020000017        0x1 
 .data.sock_any_port
                0x0000000020000018        0x2 ./Core/Src/socket.o
 *fill*         0x000000002000001a        0x2 
 .data.SystemCoreClock
                0x000000002000001c        0x4 ./Core/Src/system_stm32f4xx.o
                0x000000002000001c                SystemCoreClock
 .data.WIZCHIP  0x0000000020000020       0x2c ./Core/Src/wizchip_conf.o
                0x0000000020000020                WIZCHIP
 .data.uwTickPrio
                0x000000002000004c        0x4 ./Drivers/STM32F4xx_HAL_Driver/Src/stm32f4xx_hal.o
                0x000000002000004c                uwTickPrio
 .data.uwTickFreq
                0x0000000020000050        0x1 ./Drivers/STM32F4xx_HAL_Driver/Src/stm32f4xx_hal.o
                0x0000000020000050                uwTickFreq
 *fill*         0x0000000020000051        0x3 
 .data.CDC_Class
                0x0000000020000054       0x20 ./Middlewares/ST/STM32_USB_Host_Library/Class/CDC/Src/usbh_cdc.o
                0x0000000020000054                CDC_Class
 .data._impure_ptr
                0x0000000020000074        0x4 c:/st/stm32cubeide_1.12.0/stm32cubeide/plugins/com.st.stm32cube.ide.mcu.externaltools.gnu-tools-for-stm32.10.3-2021.10.win32_1.0.200.202301161003/tools/bin/../lib/gcc/arm-none-eabi/10.3.1/../../../../arm-none-eabi/lib/thumb/v7e-m+fp/hard\libc_nano.a(lib_a-impure.o)
                0x0000000020000074                _impure_ptr
 .data.impure_data
                0x0000000020000078       0x60 c:/st/stm32cubeide_1.12.0/stm32cubeide/plugins/com.st.stm32cube.ide.mcu.externaltools.gnu-tools-for-stm32.10.3-2021.10.win32_1.0.200.202301161003/tools/bin/../lib/gcc/arm-none-eabi/10.3.1/../../../../arm-none-eabi/lib/thumb/v7e-m+fp/hard\libc_nano.a(lib_a-impure.o)
 *(.RamFunc)
 *(.RamFunc*)
                0x00000000200000d8                . = ALIGN (0x4)
                0x00000000200000d8                _edata = .
                0x000000000800be84                _siccmram = LOADADDR (.ccmram)

.igot.plt       0x00000000200000d8        0x0 load address 0x000000000800be84
 .igot.plt      0x00000000200000d8        0x0 c:/st/stm32cubeide_1.12.0/stm32cubeide/plugins/com.st.stm32cube.ide.mcu.externaltools.gnu-tools-for-stm32.10.3-2021.10.win32_1.0.200.202301161003/tools/bin/../lib/gcc/arm-none-eabi/10.3.1/thumb/v7e-m+fp/hard/crtbegin.o

.ccmram         0x0000000010000000        0x0 load address 0x000000000800be84
                0x0000000010000000                . = ALIGN (0x4)
                0x0000000010000000                _sccmram = .
 *(.ccmram)
 *(.ccmram*)
                0x0000000010000000                . = ALIGN (0x4)
                0x0000000010000000                _eccmram = .
                0x0000000010000000                . = ALIGN (0x4)

.bss            0x00000000200000d8     0x102c
                0x00000000200000d8                _sbss = .
                0x00000000200000d8                __bss_start__ = _sbss
 *(.bss)
 .bss           0x00000000200000d8       0x1c c:/st/stm32cubeide_1.12.0/stm32cubeide/plugins/com.st.stm32cube.ide.mcu.externaltools.gnu-tools-for-stm32.10.3-2021.10.win32_1.0.200.202301161003/tools/bin/../lib/gcc/arm-none-eabi/10.3.1/thumb/v7e-m+fp/hard/crtbegin.o
 *(.bss*)
 .bss.hi2c1     0x00000000200000f4       0x54 ./Core/Src/main.o
                0x00000000200000f4                hi2c1
 .bss.hi2s3     0x0000000020000148       0x48 ./Core/Src/main.o
                0x0000000020000148                hi2s3
 .bss.hspi1     0x0000000020000190       0x58 ./Core/Src/main.o
                0x0000000020000190                hspi1
 .bss.gDATABUF  0x00000000200001e8      0x800 ./Core/Src/main.o
                0x00000000200001e8                gDATABUF
 .bss.sock_io_mode
                0x00000000200009e8        0x2 ./Core/Src/socket.o
 .bss.sock_is_sending
                0x00000000200009ea        0x2 ./Core/Src/socket.o
 .bss.sock_remained_size
                0x00000000200009ec       0x10 ./Core/Src/socket.o
 .bss.sock_pack_info
                0x00000000200009fc        0x8 ./Core/Src/socket.o
                0x00000000200009fc                sock_pack_info
 .bss.__sbrk_heap_end
                0x0000000020000a04        0x4 ./Core/Src/sysmem.o
 .bss._DNS_     0x0000000020000a08        0x4 ./Core/Src/wizchip_conf.o
 .bss._DHCP_    0x0000000020000a0c        0x1 ./Core/Src/wizchip_conf.o
 *fill*         0x0000000020000a0d        0x3 
 .bss.uwTick    0x0000000020000a10        0x4 ./Drivers/STM32F4xx_HAL_Driver/Src/stm32f4xx_hal.o
                0x0000000020000a10                uwTick
 .bss.hUsbHostFS
                0x0000000020000a14      0x3d8 ./USB_HOST/App/usb_host.o
                0x0000000020000a14                hUsbHostFS
 .bss.Appli_state
                0x0000000020000dec        0x1 ./USB_HOST/App/usb_host.o
                0x0000000020000dec                Appli_state
 *fill*         0x0000000020000ded        0x3 
 .bss.hhcd_USB_OTG_FS
                0x0000000020000df0      0x304 ./USB_HOST/Target/usbh_conf.o
                0x0000000020000df0                hhcd_USB_OTG_FS
 .bss.__malloc_free_list
                0x00000000200010f4        0x4 c:/st/stm32cubeide_1.12.0/stm32cubeide/plugins/com.st.stm32cube.ide.mcu.externaltools.gnu-tools-for-stm32.10.3-2021.10.win32_1.0.200.202301161003/tools/bin/../lib/gcc/arm-none-eabi/10.3.1/../../../../arm-none-eabi/lib/thumb/v7e-m+fp/hard\libc_nano.a(lib_a-nano-mallocr.o)
                0x00000000200010f4                __malloc_free_list
 .bss.__malloc_sbrk_start
                0x00000000200010f8        0x4 c:/st/stm32cubeide_1.12.0/stm32cubeide/plugins/com.st.stm32cube.ide.mcu.externaltools.gnu-tools-for-stm32.10.3-2021.10.win32_1.0.200.202301161003/tools/bin/../lib/gcc/arm-none-eabi/10.3.1/../../../../arm-none-eabi/lib/thumb/v7e-m+fp/hard\libc_nano.a(lib_a-nano-mallocr.o)
                0x00000000200010f8                __malloc_sbrk_start
 .bss.__lock___malloc_recursive_mutex
                0x00000000200010fc        0x1 c:/st/stm32cubeide_1.12.0/stm32cubeide/plugins/com.st.stm32cube.ide.mcu.externaltools.gnu-tools-for-stm32.10.3-2021.10.win32_1.0.200.202301161003/tools/bin/../lib/gcc/arm-none-eabi/10.3.1/../../../../arm-none-eabi/lib/thumb/v7e-m+fp/hard\libc_nano.a(lib_a-lock.o)
                0x00000000200010fc                __lock___malloc_recursive_mutex
 .bss.__lock___sfp_recursive_mutex
                0x00000000200010fd        0x1 c:/st/stm32cubeide_1.12.0/stm32cubeide/plugins/com.st.stm32cube.ide.mcu.externaltools.gnu-tools-for-stm32.10.3-2021.10.win32_1.0.200.202301161003/tools/bin/../lib/gcc/arm-none-eabi/10.3.1/../../../../arm-none-eabi/lib/thumb/v7e-m+fp/hard\libc_nano.a(lib_a-lock.o)
                0x00000000200010fd                __lock___sfp_recursive_mutex
 .bss.__lock___sinit_recursive_mutex
                0x00000000200010fe        0x1 c:/st/stm32cubeide_1.12.0/stm32cubeide/plugins/com.st.stm32cube.ide.mcu.externaltools.gnu-tools-for-stm32.10.3-2021.10.win32_1.0.200.202301161003/tools/bin/../lib/gcc/arm-none-eabi/10.3.1/../../../../arm-none-eabi/lib/thumb/v7e-m+fp/hard\libc_nano.a(lib_a-lock.o)
                0x00000000200010fe                __lock___sinit_recursive_mutex
 *fill*         0x00000000200010ff        0x1 
 .bss.errno     0x0000000020001100        0x4 c:/st/stm32cubeide_1.12.0/stm32cubeide/plugins/com.st.stm32cube.ide.mcu.externaltools.gnu-tools-for-stm32.10.3-2021.10.win32_1.0.200.202301161003/tools/bin/../lib/gcc/arm-none-eabi/10.3.1/../../../../arm-none-eabi/lib/thumb/v7e-m+fp/hard\libc_nano.a(lib_a-reent.o)
                0x0000000020001100                errno
 *(COMMON)
                0x0000000020001104                . = ALIGN (0x4)
                0x0000000020001104                _ebss = .
                0x0000000020001104                __bss_end__ = _ebss

._user_heap_stack
                0x0000000020001104      0x604
                0x0000000020001108                . = ALIGN (0x8)
 *fill*         0x0000000020001104        0x4 
                [!provide]                        PROVIDE (end = .)
                0x0000000020001108                PROVIDE (_end = .)
                0x0000000020001308                . = (. + _Min_Heap_Size)
 *fill*         0x0000000020001108      0x200 
                0x0000000020001708                . = (. + _Min_Stack_Size)
 *fill*         0x0000000020001308      0x400 
                0x0000000020001708                . = ALIGN (0x8)

/DISCARD/
 libc.a(*)
 libm.a(*)
 libgcc.a(*)

.ARM.attributes
                0x0000000000000000       0x30
 *(.ARM.attributes)
 .ARM.attributes
                0x0000000000000000       0x1e c:/st/stm32cubeide_1.12.0/stm32cubeide/plugins/com.st.stm32cube.ide.mcu.externaltools.gnu-tools-for-stm32.10.3-2021.10.win32_1.0.200.202301161003/tools/bin/../lib/gcc/arm-none-eabi/10.3.1/thumb/v7e-m+fp/hard/crti.o
 .ARM.attributes
                0x000000000000001e       0x34 c:/st/stm32cubeide_1.12.0/stm32cubeide/plugins/com.st.stm32cube.ide.mcu.externaltools.gnu-tools-for-stm32.10.3-2021.10.win32_1.0.200.202301161003/tools/bin/../lib/gcc/arm-none-eabi/10.3.1/thumb/v7e-m+fp/hard/crtbegin.o
 .ARM.attributes
                0x0000000000000052       0x34 ./Core/Src/W5500/w5500.o
 .ARM.attributes
                0x0000000000000086       0x34 ./Core/Src/loopback.o
 .ARM.attributes
                0x00000000000000ba       0x34 ./Core/Src/main.o
 .ARM.attributes
                0x00000000000000ee       0x34 ./Core/Src/socket.o
 .ARM.attributes
                0x0000000000000122       0x34 ./Core/Src/stm32f4xx_hal_msp.o
 .ARM.attributes
                0x0000000000000156       0x34 ./Core/Src/stm32f4xx_it.o
 .ARM.attributes
                0x000000000000018a       0x34 ./Core/Src/syscalls.o
 .ARM.attributes
                0x00000000000001be       0x34 ./Core/Src/sysmem.o
 .ARM.attributes
                0x00000000000001f2       0x34 ./Core/Src/system_stm32f4xx.o
 .ARM.attributes
                0x0000000000000226       0x34 ./Core/Src/wizchip_conf.o
 .ARM.attributes
                0x000000000000025a       0x21 ./Core/Startup/startup_stm32f407vgtx.o
 .ARM.attributes