../Core/Src/main.c:105:6:network_init	40	static
../Core/Src/main.c:123:7:wizchip_select	8	static
../Core/Src/main.c:130:7:wizchip_deselect	8	static
../Core/Src/main.c:136:7:wizchip_write	16	static
../Core/Src/main.c:142:9:wizchip_read	16	static
../Core/Src/main.c:155:5:main	40	static
../Core/Src/main.c:261:6:SystemClock_Config	88	static
../Core/Src/main.c:307:13:MX_I2C1_Init	8	static
../Core/Src/main.c:341:13:MX_I2S3_Init	8	static
../Core/Src/main.c:375:13:MX_SPI1_Init	8	static
../Core/Src/main.c:413:13:MX_GPIO_Init	56	static
../Core/Src/main.c:522:6:Error_Handler	4	static,ignoring_inline_asm
